
Discarded input sections

 .data          0x0000000000000000        0x0 arch/arm/cpu/armv8/start.o
 .bss           0x0000000000000000        0x0 arch/arm/cpu/armv8/start.o
 .text          0x0000000000000000        0x0 arch/arm/mach-sunxi/built-in.o
 .text.clock_twi_onoff
                0x0000000000000000       0x90 arch/arm/mach-sunxi/built-in.o
 .text.sunxi_get_sram_id
                0x0000000000000000       0x30 arch/arm/mach-sunxi/built-in.o
 .text.print_cpuinfo
                0x0000000000000000       0x20 arch/arm/mach-sunxi/built-in.o
 .text.sunxi_get_sid
                0x0000000000000000       0x3c arch/arm/mach-sunxi/built-in.o
 .text.sunxi_gpio_get_cfgbank
                0x0000000000000000       0x20 arch/arm/mach-sunxi/built-in.o
 .text.sunxi_gpio_get_cfgpin
                0x0000000000000000       0x34 arch/arm/mach-sunxi/built-in.o
 .text.sunxi_usb_phy_enable_squelch_detect
                0x0000000000000000       0xa8 arch/arm/mach-sunxi/built-in.o
 .text.sunxi_usb_phy_init
                0x0000000000000000       0xa0 arch/arm/mach-sunxi/built-in.o
 .text.sunxi_usb_phy_exit
                0x0000000000000000       0x6c arch/arm/mach-sunxi/built-in.o
 .text.sunxi_usb_phy_power_on
                0x0000000000000000       0x90 arch/arm/mach-sunxi/built-in.o
 .text.sunxi_usb_phy_power_off
                0x0000000000000000       0x34 arch/arm/mach-sunxi/built-in.o
 .text.sunxi_usb_phy_vbus_detect
                0x0000000000000000       0x78 arch/arm/mach-sunxi/built-in.o
 .text.sunxi_usb_phy_id_detect
                0x0000000000000000       0x24 arch/arm/mach-sunxi/built-in.o
 .text.sunxi_usb_phy_probe
                0x0000000000000000      0x10c arch/arm/mach-sunxi/built-in.o
 .text.sunxi_usb_phy_remove
                0x0000000000000000       0x68 arch/arm/mach-sunxi/built-in.o
 .text.prcm_apb0_enable
                0x0000000000000000       0x24 arch/arm/mach-sunxi/built-in.o
 .text.prcm_apb0_disable
                0x0000000000000000       0x28 arch/arm/mach-sunxi/built-in.o
 .text.rsb_await_trans
                0x0000000000000000       0x80 arch/arm/mach-sunxi/built-in.o
 .text.rsb_do_trans
                0x0000000000000000       0x18 arch/arm/mach-sunxi/built-in.o
 .text.rsb_init
                0x0000000000000000       0xd8 arch/arm/mach-sunxi/built-in.o
 .text.rsb_set_device_address
                0x0000000000000000       0x30 arch/arm/mach-sunxi/built-in.o
 .text.rsb_write
                0x0000000000000000       0x48 arch/arm/mach-sunxi/built-in.o
 .text.rsb_read
                0x0000000000000000       0x6c arch/arm/mach-sunxi/built-in.o
 .text.clock_get_pll1
                0x0000000000000000       0x28 arch/arm/mach-sunxi/built-in.o
 .text.clock_set_pll3
                0x0000000000000000       0x4c arch/arm/mach-sunxi/built-in.o
 .text.clock_set_pll3_factors
                0x0000000000000000       0x3c arch/arm/mach-sunxi/built-in.o
 .text.clock_set_pll10
                0x0000000000000000       0x5c arch/arm/mach-sunxi/built-in.o
 .text.clock_get_pll3
                0x0000000000000000       0x34 arch/arm/mach-sunxi/built-in.o
 .text.clock_get_mipi_pll
                0x0000000000000000       0x50 arch/arm/mach-sunxi/built-in.o
 .text.clock_set_de_mod_clock
                0x0000000000000000       0x50 arch/arm/mach-sunxi/built-in.o
 .rodata.print_cpuinfo.str1.1
                0x0000000000000000       0x1e arch/arm/mach-sunxi/built-in.o
 .rodata.sunxi_usb_phy_probe.str1.1
                0x0000000000000000       0x22 arch/arm/mach-sunxi/built-in.o
 .data          0x0000000000000000       0x18 arch/arm/mach-sunxi/built-in.o
 .data.mem_map  0x0000000000000000        0x8 arch/arm/mach-sunxi/built-in.o
 .data.sunxi_mem_map
                0x0000000000000000       0x60 arch/arm/mach-sunxi/built-in.o
 .data.sunxi_usb_phy
                0x0000000000000000       0x50 arch/arm/mach-sunxi/built-in.o
 .bss           0x0000000000000000        0x0 arch/arm/mach-sunxi/built-in.o
 .bss.initial_usb_scan_delay
                0x0000000000000000        0x4 arch/arm/mach-sunxi/built-in.o
 .text.cleanup_before_linux
                0x0000000000000000       0x28 arch/arm/cpu/armv8/built-in.o
 .text.timer_read_counter
                0x0000000000000000        0xc arch/arm/cpu/armv8/built-in.o
 .text.usec2ticks
                0x0000000000000000       0x44 arch/arm/cpu/armv8/built-in.o
 .text.count_required_pts
                0x0000000000000000       0xf4 arch/arm/cpu/armv8/built-in.o
 .text.create_table
                0x0000000000000000       0x70 arch/arm/cpu/armv8/built-in.o
 .text.split_block
                0x0000000000000000       0x9c arch/arm/cpu/armv8/built-in.o
 .text.get_tcr  0x0000000000000000       0xe8 arch/arm/cpu/armv8/built-in.o
 .text.find_pte
                0x0000000000000000       0x94 arch/arm/cpu/armv8/built-in.o
 .text.set_one_region
                0x0000000000000000       0xd4 arch/arm/cpu/armv8/built-in.o
 .text.get_page_table_size
[...]
Memory Configuration

Name             Origin             Length             Attributes
.sram            0x0000000000010060 0x0000000000007fa0
.sdram           0x000000004ff80000 0x0000000000080000
*default*        0x0000000000000000 0xffffffffffffffff

Linker script and memory map


.text           0x0000000000010060     0x6cf0
                0x0000000000010060                . = ALIGN (0x8)
 *(.__image_copy_start)
 arch/arm/cpu/armv8/start.o(.text*)
 .text          0x0000000000010060      0x1c0 arch/arm/cpu/armv8/start.o
                0x0000000000010060                _start
                0x0000000000010118                _TEXT_BASE
                0x0000000000010120                _end_ofs
                0x0000000000010128                _bss_start_ofs
                0x0000000000010130                _bss_end_ofs
                0x000000000001013c                save_boot_params_ret
                0x00000000000101a4                apply_core_errata
                0x00000000000101d4                smp_kick_all_cpus
                0x00000000000101d8                c_runtime_cpu_setup
                0x0000000000010210                save_boot_params
 *(.text*)
 .text.s_init   0x0000000000010220       0x64 arch/arm/mach-sunxi/built-in.o
                0x0000000000010220                s_init
 .text.sunxi_get_boot_device
                0x0000000000010284       0x90 arch/arm/mach-sunxi/built-in.o
                0x0000000000010284                sunxi_get_boot_device
 .text.spl_boot_device
                0x0000000000010314        0x4 arch/arm/mach-sunxi/built-in.o
                0x0000000000010314                spl_boot_device
 .text.spl_boot_mode
                0x0000000000010318        0x8 arch/arm/mach-sunxi/built-in.o
                0x0000000000010318                spl_boot_mode
 .text.board_init_f
                0x0000000000010320       0x18 arch/arm/mach-sunxi/built-in.o
                0x0000000000010320                board_init_f
 .text.reset_cpu
                0x0000000000010338       0x2c arch/arm/mach-sunxi/built-in.o
                0x0000000000010338                reset_cpu
 .text.clock_init_sec
                0x0000000000010364       0x30 arch/arm/mach-sunxi/built-in.o
                0x0000000000010368                clock_init_sec
 .text.gtbus_init
                0x0000000000010394        0x4 arch/arm/mach-sunxi/built-in.o
                0x0000000000010394                gtbus_init
 .text.clock_init
                0x0000000000010398       0x24 arch/arm/mach-sunxi/built-in.o
                0x0000000000010398                clock_init
 .text.mctl_await_completion
                0x00000000000103bc       0x64 arch/arm/mach-sunxi/built-in.o
                0x00000000000103bc                mctl_await_completion
 .text.mctl_mem_matches
                0x0000000000010420       0x40 arch/arm/mach-sunxi/built-in.o
                0x0000000000010420                mctl_mem_matches
 .text.sunxi_gpio_set_cfgbank
                0x0000000000010460       0x2c arch/arm/mach-sunxi/built-in.o
                0x0000000000010460                sunxi_gpio_set_cfgbank
 .text.sunxi_gpio_set_cfgpin
                0x000000000001048c       0x3c arch/arm/mach-sunxi/built-in.o
                0x000000000001048c                sunxi_gpio_set_cfgpin
 .text.sunxi_gpio_set_drv
                0x00000000000104c8       0x64 arch/arm/mach-sunxi/built-in.o
                0x00000000000104c8                sunxi_gpio_set_drv
 .text.sunxi_gpio_set_pull
                0x000000000001052c       0x64 arch/arm/mach-sunxi/built-in.o
                0x000000000001052c                sunxi_gpio_set_pull
 .text.clock_init_uart
                0x0000000000010590       0x38 arch/arm/mach-sunxi/built-in.o
                0x0000000000010590                clock_init_uart
 .text.clock_set_pll1
                0x00000000000105c8       0xa4 arch/arm/mach-sunxi/built-in.o
                0x00000000000105c8                clock_set_pll1
 .text.clock_init_safe
                0x000000000001066c       0x64 arch/arm/mach-sunxi/built-in.o
                0x000000000001066c                clock_init_safe
 .text.clock_set_pll5
                0x00000000000106d0       0xf8 arch/arm/mach-sunxi/built-in.o
                0x00000000000106d0                clock_set_pll5
 .text.clock_get_pll6
                0x00000000000107c8       0x30 arch/arm/mach-sunxi/built-in.o
                0x00000000000107c8                clock_get_pll6
 .text.mctl_set_cr.constprop.4
                0x00000000000107f8       0xa4 arch/arm/mach-sunxi/built-in.o
 .text.sunxi_dram_init
                0x000000000001089c      0x86c arch/arm/mach-sunxi/built-in.o
                0x000000000001089c                sunxi_dram_init
 .text.mctl_set_timing_params
                0x0000000000011108      0x158 arch/arm/mach-sunxi/built-in.o
                0x0000000000011108                mctl_set_timing_params
 *fill*         0x0000000000011260      0x5a0 
 .text          0x0000000000011800      0x854 arch/arm/cpu/armv8/built-in.o
                0x0000000000011800                vectors
                0x0000000000012038                lowlevel_init
 .text.sdelay   0x0000000000012054        0xc arch/arm/cpu/armv8/built-in.o
                0x0000000000012054                sdelay
 .text.get_tbclk
                0x0000000000012060        0x8 arch/arm/cpu/armv8/built-in.o
                0x0000000000012060                get_tbclk
 .text.get_ticks
                0x0000000000012068       0x10 arch/arm/cpu/armv8/built-in.o
                0x0000000000012068                get_ticks
 .text.smc_call
                0x0000000000012078       0x44 arch/arm/cpu/armv8/built-in.o
                0x0000000000012078                smc_call
 .text.psci_system_reset
                0x00000000000120bc       0x20 arch/arm/cpu/armv8/built-in.o
                0x00000000000120bc                psci_system_reset
 .text.reset_misc
                0x00000000000120dc        0xc arch/arm/cpu/armv8/built-in.o
                0x00000000000120dc                reset_misc
 .text          0x00000000000120e8       0x78 arch/arm/lib/built-in.o
                0x00000000000120e8                _main
 .text.disable_interrupts
                0x0000000000012160        0x8 arch/arm/lib/built-in.o
                0x0000000000012160                disable_interrupts
 .text.show_regs
                0x0000000000012168       0x80 arch/arm/lib/built-in.o
                0x0000000000012168                show_regs
 .text.do_bad_sync
                0x00000000000121e8       0x30 arch/arm/lib/built-in.o
                0x00000000000121e8                do_bad_sync
 .text.do_bad_irq
                0x0000000000012218       0x30 arch/arm/lib/built-in.o
                0x0000000000012218                do_bad_irq
 .text.do_bad_fiq
                0x0000000000012248       0x30 arch/arm/lib/built-in.o
                0x0000000000012248                do_bad_fiq
 .text.do_bad_error
                0x0000000000012278       0x30 arch/arm/lib/built-in.o
                0x0000000000012278                do_bad_error
 .text.do_sync  0x00000000000122a8       0x30 arch/arm/lib/built-in.o
                0x00000000000122a8                do_sync
 .text.do_irq   0x00000000000122d8       0x30 arch/arm/lib/built-in.o
                0x00000000000122d8                do_irq
 .text.do_fiq   0x0000000000012308       0x30 arch/arm/lib/built-in.o
                0x0000000000012308                do_fiq
 .text.do_error
                0x0000000000012338       0x30 arch/arm/lib/built-in.o
                0x0000000000012338                do_error
 .text.do_reset
                0x0000000000012368       0x38 arch/arm/lib/built-in.o
                0x0000000000012368                do_reset
 .text.i2c_init_board
                0x00000000000123a0        0x4 board/sunxi/built-in.o
                0x00000000000123a0                i2c_init_board
 .text.board_mmc_init
                0x00000000000123a4       0x5c board/sunxi/built-in.o
                0x00000000000123a4                board_mmc_init
 .text.sunxi_board_init
                0x0000000000012400       0x5c board/sunxi/built-in.o
                0x0000000000012400                sunxi_board_init
 .text.board_fit_config_name_match
                0x000000000001245c       0xb8 board/sunxi/built-in.o
                0x000000000001245c                board_fit_config_name_match
 .text.show_boot_progress
                0x0000000000012514        0x4 common/spl/built-in.o
                0x0000000000012514                show_boot_progress
 .text.spl_board_prepare_for_boot
                0x0000000000012518        0x4 common/spl/built-in.o
                0x0000000000012518                spl_board_prepare_for_boot
 .text.spl_set_header_raw_uboot
                0x000000000001251c       0x28 common/spl/built-in.o
                0x000000000001251c                spl_set_header_raw_uboot
 .text.spl_parse_image_header
                0x0000000000012544       0x88 common/spl/built-in.o
                0x0000000000012544                spl_parse_image_header
 .text.jump_to_image_no_args
                0x00000000000125cc       0x10 common/spl/built-in.o
                0x00000000000125cc                jump_to_image_no_args
 .text.spl_set_bd
                0x00000000000125dc       0x18 common/spl/built-in.o
                0x00000000000125dc                spl_set_bd
 .text.spl_init
                0x00000000000125f4       0x44 common/spl/built-in.o
                0x00000000000125f4                spl_init
 .text.board_boot_order
                0x0000000000012638       0x24 common/spl/built-in.o
                0x0000000000012638                board_boot_order
 .text.board_init_r
                0x000000000001265c      0x148 common/spl/built-in.o
                0x000000000001265c                board_init_r
 .text.preloader_console_init
                0x00000000000127a4       0x30 common/spl/built-in.o
                0x00000000000127a4                preloader_console_init
 .text.spl_relocate_stack_gd
                0x00000000000127d4       0x48 common/spl/built-in.o
                0x00000000000127d4                spl_relocate_stack_gd
 .text.spl_fit_get_image_node
                0x000000000001281c      0x124 common/spl/built-in.o
 .text.spl_load_fit_image
                0x0000000000012940      0x19c common/spl/built-in.o
 .text.spl_load_simple_fit
                0x0000000000012adc      0x208 common/spl/built-in.o
                0x0000000000012adc                spl_load_simple_fit
 .text.h_spl_load_read
                0x0000000000012ce4       0x44 common/spl/built-in.o
 .text.spl_mmc_load_image
                0x0000000000012d28      0x208 common/spl/built-in.o
                0x0000000000012d28                spl_mmc_load_image
 .text.board_init_f_alloc_reserve
                0x0000000000012f30        0xc common/init/built-in.o
                0x0000000000012f30                board_init_f_alloc_reserve
 .text.board_init_f_init_reserve
                0x0000000000012f3c       0x30 common/init/built-in.o
                0x0000000000012f3c                board_init_f_init_reserve
 .text.fdt_getprop_u32
                0x0000000000012f6c       0x40 common/built-in.o
                0x0000000000012f6c                fdt_getprop_u32
 .text.fit_find_config_node
                0x0000000000012fac      0x108 common/built-in.o
                0x0000000000012fac                fit_find_config_node
 .text.putc     0x00000000000130b4       0x30 common/built-in.o
                0x00000000000130b4                putc
 .text.puts     0x00000000000130e4       0x2c common/built-in.o
                0x00000000000130e4                puts
 .text.malloc_simple
                0x0000000000013110       0x38 common/built-in.o
                0x0000000000013110                malloc_simple
 .text.calloc   0x0000000000013148       0x34 common/built-in.o
                0x0000000000013148                calloc
 .text.fit_image_get_address
                0x000000000001317c       0x84 common/built-in.o
 .text.fit_image_get_load
                0x0000000000013200       0x10 common/built-in.o
                0x0000000000013200                fit_image_get_load
 .text.fit_image_get_data
                0x0000000000013210       0x50 common/built-in.o
                0x0000000000013210                fit_image_get_data
 .text.fit_image_get_data_offset
                0x0000000000013260       0x48 common/built-in.o
                0x0000000000013260                fit_image_get_data_offset
 .text.fit_image_get_data_size
                0x00000000000132a8       0x48 common/built-in.o
                0x00000000000132a8                fit_image_get_data_size
 .text.fdt_check_header
                0x00000000000132f0       0x70 lib/built-in.o
                0x00000000000132f0                fdt_check_header
 .text.fdt_offset_ptr
                0x0000000000013360       0x7c lib/built-in.o
                0x0000000000013360                fdt_offset_ptr
 .text.fdt_next_tag
                0x00000000000133dc       0xe0 lib/built-in.o
                0x00000000000133dc                fdt_next_tag
 .text._fdt_check_node_offset
                0x00000000000134bc       0x40 lib/built-in.o
                0x00000000000134bc                _fdt_check_node_offset
 .text._fdt_check_prop_offset
                0x00000000000134fc       0x40 lib/built-in.o
                0x00000000000134fc                _fdt_check_prop_offset
 .text.fdt_next_node
                0x000000000001353c       0xac lib/built-in.o
                0x000000000001353c                fdt_next_node
 .text.fdt_first_subnode
                0x00000000000135e8       0x34 lib/built-in.o
                0x00000000000135e8                fdt_first_subnode
 .text.fdt_next_subnode
                0x000000000001361c       0x5c lib/built-in.o
                0x000000000001361c                fdt_next_subnode
 .text.fdt_path_next_separator
                0x0000000000013678       0x68 lib/built-in.o
 .text._nextprop
                0x00000000000136e0       0x64 lib/built-in.o
 .text.fdt_string
                0x0000000000013744       0x14 lib/built-in.o
                0x0000000000013744                fdt_string
 .text.fdt_subnode_offset_namelen
                0x0000000000013758       0xec lib/built-in.o
                0x0000000000013758                fdt_subnode_offset_namelen
 .text.fdt_subnode_offset
                0x0000000000013844       0x44 lib/built-in.o
                0x0000000000013844                fdt_subnode_offset
 .text.fdt_get_name
                0x0000000000013888       0x78 lib/built-in.o
                0x0000000000013888                fdt_get_name
 .text.fdt_first_property_offset
                0x0000000000013900       0x38 lib/built-in.o
                0x0000000000013900                fdt_first_property_offset
 .text.fdt_next_property_offset
                0x0000000000013938       0x38 lib/built-in.o
                0x0000000000013938                fdt_next_property_offset
 .text.fdt_get_property_by_offset
                0x0000000000013970       0x70 lib/built-in.o
                0x0000000000013970                fdt_get_property_by_offset
 .text.fdt_get_property_namelen
                0x00000000000139e0       0xd4 lib/built-in.o
                0x00000000000139e0                fdt_get_property_namelen
 .text.fdt_getprop_namelen
                0x0000000000013ab4       0x20 lib/built-in.o
                0x0000000000013ab4                fdt_getprop_namelen
 .text.fdt_getprop
                0x0000000000013ad4       0x4c lib/built-in.o
                0x0000000000013ad4                fdt_getprop
 .text.fdt_get_alias_namelen
                0x0000000000013b20       0x64 lib/built-in.o
                0x0000000000013b20                fdt_get_alias_namelen
 .text.fdt_path_offset_namelen
                0x0000000000013b84       0xf8 lib/built-in.o
                0x0000000000013b84                fdt_path_offset_namelen
 .text.fdt_path_offset
                0x0000000000013c7c       0x34 lib/built-in.o
                0x0000000000013c7c                fdt_path_offset
 .text.hang     0x0000000000013cb0       0x20 lib/built-in.o
                0x0000000000013cb0                hang
 .text.strcmp   0x0000000000013cd0       0x28 lib/built-in.o
                0x0000000000013cd0                strcmp
 .text.strchr   0x0000000000013cf8       0x28 lib/built-in.o
                0x0000000000013cf8                strchr
 .text.strlen   0x0000000000013d20       0x1c lib/built-in.o
                0x0000000000013d20                strlen
 .text.strnlen  0x0000000000013d3c       0x28 lib/built-in.o
                0x0000000000013d3c                strnlen
 .text.memset   0x0000000000013d64       0x70 lib/built-in.o
                0x0000000000013d64                memset
 .text.memcpy   0x0000000000013dd4       0x6c lib/built-in.o
                0x0000000000013dd4                memcpy
 .text.memcmp   0x0000000000013e40       0x30 lib/built-in.o
                0x0000000000013e40                memcmp
 .text.strstr   0x0000000000013e70       0x68 lib/built-in.o
                0x0000000000013e70                strstr
 .text.memchr   0x0000000000013ed8       0x30 lib/built-in.o
                0x0000000000013ed8                memchr
 .text.timer_init
                0x0000000000013f08        0x8 lib/built-in.o
                0x0000000000013f08                timer_init
 .text.get_timer
                0x0000000000013f10       0x3c lib/built-in.o
                0x0000000000013f10                get_timer
 .text.timer_get_us
                0x0000000000013f4c       0x38 lib/built-in.o
                0x0000000000013f4c                timer_get_us
 .text.__udelay
                0x0000000000013f84       0x4c lib/built-in.o
                0x0000000000013f84                __udelay
 .text.udelay   0x0000000000013fd0       0x44 lib/built-in.o
                0x0000000000013fd0                udelay
 .text.putc_normal
                0x0000000000014014        0x8 lib/built-in.o
 .text.div_out  0x000000000001401c       0x64 lib/built-in.o
 .text._vprintf
                0x0000000000014080      0x480 lib/built-in.o
 .text.vprintf  0x0000000000014500       0x44 lib/built-in.o
                0x0000000000014500                vprintf
 .text.printf   0x0000000000014544       0x8c lib/built-in.o
                0x0000000000014544                printf
 .text.panic_finish
                0x00000000000145d0       0x34 lib/built-in.o
 .text.panic    0x0000000000014604       0x74 lib/built-in.o
                0x0000000000014604                panic
 .text._parse_integer_fixup_radix
                0x0000000000014678       0xb8 lib/built-in.o
 .text.simple_strtoul
                0x0000000000014730       0x8c lib/built-in.o
                0x0000000000014730                simple_strtoul
 .text.simple_strtol
                0x00000000000147bc       0x2c lib/built-in.o
                0x00000000000147bc                simple_strtol
 .text.part_init
                0x00000000000147e8       0x80 disk/built-in.o
                0x00000000000147e8                part_init
 .text.mmc_set_ios
                0x0000000000014868       0x18 drivers/built-in.o
 .text.mmc_set_capacity
                0x0000000000014880       0x84 drivers/built-in.o
 .text.board_mmc_getcd
                0x0000000000014904        0x8 drivers/built-in.o
                0x0000000000014904                board_mmc_getcd
 .text.mmc_send_cmd
                0x000000000001490c       0x10 drivers/built-in.o
                0x000000000001490c                mmc_send_cmd
 .text.mmc_send_ext_csd
                0x000000000001491c       0x40 drivers/built-in.o
 .text.mmc_go_idle
                0x000000000001495c       0x50 drivers/built-in.o
 .text.mmc_send_op_cond_iter
                0x00000000000149ac       0x74 drivers/built-in.o
 .text.mmc_send_status
                0x0000000000014a20       0xd4 drivers/built-in.o
                0x0000000000014a20                mmc_send_status
 .text.mmc_set_blocklen
                0x0000000000014af4       0x3c drivers/built-in.o
                0x0000000000014af4                mmc_set_blocklen
 .text.mmc_bread
                0x0000000000014b30      0x180 drivers/built-in.o
                0x0000000000014b30                mmc_bread
 .text.mmc_switch
                0x0000000000014cb0       0x6c drivers/built-in.o
                0x0000000000014cb0                mmc_switch
 .text.mmc_switch_part
                0x0000000000014d1c       0x7c drivers/built-in.o
                0x0000000000014d1c                mmc_switch_part
 .text.mmc_getcd
                0x0000000000014d98       0x48 drivers/built-in.o
                0x0000000000014d98                mmc_getcd
 .text.mmc_set_clock
                0x0000000000014de0       0x24 drivers/built-in.o
                0x0000000000014de0                mmc_set_clock
 .text.mmc_startup
                0x0000000000014e04      0xb3c drivers/built-in.o
 .text.board_mmc_power_init
                0x0000000000015940        0x4 drivers/built-in.o
                0x0000000000015940                board_mmc_power_init
 .text.mmc_start_init
                0x0000000000015944      0x240 drivers/built-in.o
                0x0000000000015944                mmc_start_init
 .text.mmc_init
                0x0000000000015b84      0x124 drivers/built-in.o
                0x0000000000015b84                mmc_init
 .text.cpu_mmc_init
                0x0000000000015ca8        0x8 drivers/built-in.o
                0x0000000000015ca8                cpu_mmc_init
 .text.mmc_initialize
                0x0000000000015cb0       0x58 drivers/built-in.o
                0x0000000000015cb0                mmc_initialize
 .text.mmc_berase
                0x0000000000015d08        0x8 drivers/built-in.o
 .text.mmc_bwrite
                0x0000000000015d10        0x8 drivers/built-in.o
 .text.find_mmc_device
                0x0000000000015d18       0x58 drivers/built-in.o
                0x0000000000015d18                find_mmc_device
 .text.mmc_select_hwpartp
                0x0000000000015d70       0x64 drivers/built-in.o
 .text.mmc_get_dev
                0x0000000000015dd4       0x40 drivers/built-in.o
 .text.mmc_get_next_devnum
                0x0000000000015e14       0x14 drivers/built-in.o
                0x0000000000015e14                mmc_get_next_devnum
 .text.mmc_get_blk_desc
                0x0000000000015e28        0x8 drivers/built-in.o
                0x0000000000015e28                mmc_get_blk_desc
 .text.mmc_do_preinit
                0x0000000000015e30       0x44 drivers/built-in.o
                0x0000000000015e30                mmc_do_preinit
 .text.mmc_list_init
                0x0000000000015e74       0x1c drivers/built-in.o
                0x0000000000015e74                mmc_list_init
 .text.mmc_list_add
                0x0000000000015e90       0x20 drivers/built-in.o
                0x0000000000015e90                mmc_list_add
 .text.mmc_create
                0x0000000000015eb0       0xd4 drivers/built-in.o
                0x0000000000015eb0                mmc_create
 .text.sunxi_mmc_core_init
                0x0000000000015f84       0x30 drivers/built-in.o
 .text.sunxi_mmc_getcd_gpio
                0x0000000000015fb4       0x40 drivers/built-in.o
 .text.sunxi_mmc_getcd_legacy
                0x0000000000015ff4       0x34 drivers/built-in.o
 .text.mmc_update_clk.isra.1
                0x0000000000016028       0x7c drivers/built-in.o
 .text.mmc_rint_wait.isra.3
                0x00000000000160a4       0x70 drivers/built-in.o
 .text.sunxi_mmc_send_cmd_legacy
                0x0000000000016114      0x30c drivers/built-in.o
 .text.mmc_set_mod_clk
                0x0000000000016420      0x104 drivers/built-in.o
 .text.sunxi_mmc_set_ios_legacy
                0x0000000000016524       0xf8 drivers/built-in.o
 .text.sunxi_mmc_init
                0x000000000001661c      0x224 drivers/built-in.o
                0x000000000001661c                sunxi_mmc_init
 .text.get_current
                0x0000000000016840       0x40 drivers/built-in.o
 .text.serial_init
                0x0000000000016880       0x24 drivers/built-in.o
                0x0000000000016880                serial_init
 .text.serial_putc
                0x00000000000168a4       0x28 drivers/built-in.o
                0x00000000000168a4                serial_putc
 .text.serial_puts
                0x00000000000168cc       0x28 drivers/built-in.o
                0x00000000000168cc                serial_puts
 .text._serial_putc
                0x00000000000168f4       0x50 drivers/built-in.o
 .text.eserial1_putc
                0x0000000000016944        0x8 drivers/built-in.o
 .text._serial_puts
                0x000000000001694c       0x38 drivers/built-in.o
 .text.eserial1_puts
                0x0000000000016984        0x8 drivers/built-in.o
 .text._serial_setbrg
                0x000000000001698c       0x44 drivers/built-in.o
 .text.eserial1_setbrg
                0x00000000000169d0        0x8 drivers/built-in.o
 .text.eserial1_init
                0x00000000000169d8       0x44 drivers/built-in.o
 .text.eserial1_getc
                0x0000000000016a1c       0x20 drivers/built-in.o
 .text.eserial1_tstc
                0x0000000000016a3c        0xc drivers/built-in.o
 .text.default_serial_console
                0x0000000000016a48        0xc drivers/built-in.o
                0x0000000000016a48                default_serial_console
 .text.ns16550_calc_divisor
                0x0000000000016a54       0x10 drivers/built-in.o
                0x0000000000016a54                ns16550_calc_divisor
 .text.NS16550_init
                0x0000000000016a64       0x68 drivers/built-in.o
                0x0000000000016a64                NS16550_init
 .text.NS16550_reinit
                0x0000000000016acc       0x70 drivers/built-in.o
                0x0000000000016acc                NS16550_reinit
 .text.NS16550_putc
                0x0000000000016b3c       0x20 drivers/built-in.o
                0x0000000000016b3c                NS16550_putc
 .text.NS16550_getc
                0x0000000000016b5c       0x20 drivers/built-in.o
                0x0000000000016b5c                NS16550_getc
 .text.NS16550_tstc
                0x0000000000016b7c       0x14 drivers/built-in.o
                0x0000000000016b7c                NS16550_tstc
 .text.gpio_request
                0x0000000000016b90        0x8 drivers/built-in.o
                0x0000000000016b90                gpio_request
 .text.gpio_direction_input
                0x0000000000016b98       0x1c drivers/built-in.o
                0x0000000000016b98                gpio_direction_input
 .text.gpio_get_value
                0x0000000000016bb4       0x44 drivers/built-in.o
                0x0000000000016bb4                gpio_get_value
 .text.sunxi_name_to_gpio
                0x0000000000016bf8       0xb4 drivers/built-in.o
                0x0000000000016bf8                sunxi_name_to_gpio
 .text.blk_driver_lookup_type
                0x0000000000016cac       0x5c drivers/built-in.o
                0x0000000000016cac                blk_driver_lookup_type
 .text.blk_dselect_hwpart
                0x0000000000016d08       0x48 drivers/built-in.o
                0x0000000000016d08                blk_dselect_hwpart

.iplt           0x0000000000016d50        0x0
 .iplt          0x0000000000016d50        0x0 arch/arm/cpu/armv8/start.o

.rodata         0x0000000000016d50      0x8b7
                0x0000000000016d50                . = ALIGN (0x8)
 *(SORT(.rodata*))
 .rodata        0x0000000000016d50       0x7e arch/arm/mach-sunxi/built-in.o
 *fill*         0x0000000000016dce        0x2 
 .rodata        0x0000000000016dd0       0x14 common/spl/built-in.o
 *fill*         0x0000000000016de4        0x4 
 .rodata.__func__.6635
                0x0000000000016de8       0x15 common/built-in.o
 *fill*         0x0000000000016dfd        0x3 
 .rodata.__func__.8785
                0x0000000000016e00        0x9 drivers/built-in.o
 *fill*         0x0000000000016e09        0x7 
 .rodata._ctype
                0x0000000000016e10      0x100 lib/built-in.o
                0x0000000000016e10                _ctype
 .rodata.ext_csd_bits.8751
                0x0000000000016f10       0x14 drivers/built-in.o
 *fill*         0x0000000000016f24        0x4 
 .rodata.ext_to_hostcaps.8752
                0x0000000000016f28       0x1c drivers/built-in.o
 *fill*         0x0000000000016f44        0x4 
 .rodata.fbase  0x0000000000016f48       0x10 drivers/built-in.o
 .rodata.multipliers
                0x0000000000016f58       0x10 drivers/built-in.o
 .rodata.sd_au_size
                0x0000000000016f68       0x40 drivers/built-in.o
 .rodata.serial_ports
                0x0000000000016fa8       0x30 drivers/built-in.o
 .rodata.sunxi_mmc_ops
                0x0000000000016fd8       0x28 drivers/built-in.o
 .rodata.widths.8753
                0x0000000000017000       0x14 drivers/built-in.o
 .rodata.fdt_next_tag
                0x0000000000017014        0x9 lib/built-in.o
 *fill*         0x000000000001701d        0x3 
 .rodata.mmc_set_capacity
                0x0000000000017020        0x8 drivers/built-in.o
 .rodata.mmc_startup
                0x0000000000017028       0x18 drivers/built-in.o
 .rodata.sunxi_get_boot_device
                0x0000000000017040        0x4 arch/arm/mach-sunxi/built-in.o
 .rodata.sunxi_mmc_getcd_gpio
                0x0000000000017044        0x4 drivers/built-in.o
 .rodata.sunxi_mmc_init
                0x0000000000017048        0x4 drivers/built-in.o
 .rodata.board_fit_config_name_match.str1.1
                0x000000000001704c       0x26 board/sunxi/built-in.o
 .rodata.board_init_r.str1.1
                0x0000000000017072       0x62 common/spl/built-in.o
 .rodata.do_bad_error.str1.1
                0x00000000000170d4       0x29 arch/arm/lib/built-in.o
 .rodata.do_bad_fiq.str1.1
                0x00000000000170fd       0x27 arch/arm/lib/built-in.o
 .rodata.do_bad_irq.str1.1
                0x0000000000017124       0x27 arch/arm/lib/built-in.o
 .rodata.do_bad_sync.str1.1
                0x000000000001714b       0x48 arch/arm/lib/built-in.o
 .rodata.do_error.str1.1
                0x0000000000017193       0x48 arch/arm/lib/built-in.o
                                         0x1d (size before relaxing)
 .rodata.do_fiq.str1.1
                0x0000000000017193       0x48 arch/arm/lib/built-in.o
                                         0x1b (size before relaxing)
 .rodata.do_irq.str1.1
                0x0000000000017193       0x48 arch/arm/lib/built-in.o
                                         0x1b (size before relaxing)
 .rodata.do_reset.str1.1
                0x0000000000017193        0xf arch/arm/lib/built-in.o
 .rodata.do_sync.str1.1
                0x00000000000171a2       0x48 arch/arm/lib/built-in.o
                                         0x29 (size before relaxing)
 .rodata.fdt_get_alias_namelen.str1.1
                0x00000000000171a2        0x9 lib/built-in.o
 .rodata.find_mmc_device.str1.1
                0x00000000000171ab       0x19 drivers/built-in.o
 .rodata.fit_find_config_node.str1.1
                0x00000000000171c4       0x3c common/built-in.o
                                         0x48 (size before relaxing)
 .rodata.fit_image_get_address.str1.1
                0x0000000000017200       0x1d common/built-in.o
 .rodata.fit_image_get_data.str1.1
                0x000000000001721d        0x5 common/built-in.o
 .rodata.fit_image_get_data_offset.str1.1
                0x0000000000017222        0xc common/built-in.o
 .rodata.fit_image_get_data_size.str1.1
                0x000000000001722e        0xa common/built-in.o
 .rodata.fit_image_get_load.str1.1
                0x0000000000017238        0x5 common/built-in.o
 .rodata.get_current.str1.1
                0x000000000001723d       0x15 drivers/built-in.o
 .rodata.hang.str1.1
                0x0000000000017252       0x2a lib/built-in.o
 .rodata.mctl_await_completion.str1.1
                0x000000000001727c       0x1b arch/arm/mach-sunxi/built-in.o
 .rodata.mmc_bread.str1.1
                0x0000000000017297       0x47 drivers/built-in.o
 .rodata.mmc_init.str1.1
                0x00000000000172de       0x12 drivers/built-in.o
 .rodata.mmc_send_status.str1.1
                0x00000000000172f0       0x32 drivers/built-in.o
 .rodata.mmc_set_mod_clk.str1.1
                0x0000000000017322       0x25 drivers/built-in.o
 .rodata.mmc_start_init.str1.1
                0x0000000000017347       0x3f drivers/built-in.o
 .rodata.mmc_startup.str1.1
                0x0000000000017386       0x15 drivers/built-in.o
 .rodata.preloader_console_init.str1.1
                0x000000000001739b       0x2e common/spl/built-in.o
 .rodata.show_regs.str1.1
                0x00000000000173c9       0x39 arch/arm/lib/built-in.o
                                         0x3b (size before relaxing)
 .rodata.spl_fit_get_image_node.str1.1
                0x0000000000017402       0x39 common/spl/built-in.o
 .rodata.spl_load_fit_image.str1.1
                0x000000000001743b       0x22 common/spl/built-in.o
 .rodata.spl_load_simple_fit.str1.1
                0x000000000001745d       0x1f common/spl/built-in.o
 .rodata.spl_mmc_load_image.str1.1
                0x000000000001747c      0x10b common/spl/built-in.o
 .rodata.spl_set_header_raw_uboot.str1.1
                0x0000000000017587        0x7 common/spl/built-in.o
 .rodata.str1.1
                0x000000000001758e       0x11 common/spl/built-in.o
 .rodata.str1.1
                0x000000000001759f        0x4 drivers/built-in.o
 .rodata.sunxi_board_init.str1.1
                0x00000000000175a3       0x16 board/sunxi/built-in.o
 .rodata.sunxi_get_boot_device.str1.1
                0x00000000000175b9       0x21 arch/arm/mach-sunxi/built-in.o
 .rodata.sunxi_mmc_getcd_gpio.str1.1
                0x00000000000175da        0x4 drivers/built-in.o
                                          0x5 (size before relaxing)
 .rodata.sunxi_mmc_init.str1.1
                0x00000000000175de       0x29 drivers/built-in.o

.rela.dyn       0x0000000000017608        0x0
 .rela.iplt     0x0000000000017608        0x0 arch/arm/cpu/armv8/start.o

.data           0x0000000000017608       0xf0
                0x0000000000017608                . = ALIGN (0x8)
 *(.data*)
 .data          0x0000000000017608       0x98 common/spl/built-in.o
 .data.cur_dev_num
                0x00000000000176a0        0x4 drivers/built-in.o
 *fill*         0x00000000000176a4        0x4 
 .data.eserial1_device
                0x00000000000176a8       0x50 drivers/built-in.o
                0x00000000000176a8                eserial1_device

.igot.plt       0x00000000000176f8        0x0
 .igot.plt      0x00000000000176f8        0x0 arch/arm/cpu/armv8/start.o

.u_boot_list    0x00000000000176f8       0x70
                0x00000000000176f8                . = ALIGN (0x8)
 *(SORT(.u_boot_list*))
 .u_boot_list_2_blk_driver_1
                0x00000000000176f8        0x0 drivers/built-in.o
 .u_boot_list_2_blk_driver_2_mmc
                0x00000000000176f8       0x28 drivers/built-in.o
                0x00000000000176f8                _u_boot_list_2_blk_driver_2_mmc
 .u_boot_list_2_blk_driver_3
                0x0000000000017720        0x0 drivers/built-in.o
 .u_boot_list_2_cmd_1
                0x0000000000017720        0x0 common/built-in.o
 .u_boot_list_2_cmd_3
                0x0000000000017720        0x0 common/built-in.o
 .u_boot_list_2_env_driver_1
                0x0000000000017720        0x0 env/built-in.o
 .u_boot_list_2_env_driver_3
                0x0000000000017720        0x0 env/built-in.o
 .u_boot_list_2_fit_loadable_1
                0x0000000000017720        0x0 common/built-in.o
 .u_boot_list_2_fit_loadable_3
                0x0000000000017720        0x0 common/built-in.o
 .u_boot_list_2_part_driver_1
                0x0000000000017720        0x0 disk/built-in.o
 .u_boot_list_2_part_driver_3
                0x0000000000017720        0x0 disk/built-in.o
 .u_boot_list_2_spl_image_loader_1
                0x0000000000017720        0x0 common/spl/built-in.o
 .u_boot_list_2_spl_image_loader_2_spl_mmc_load_image0BOOT_DEVICE_MMC1
                0x0000000000017720       0x18 common/spl/built-in.o
                0x0000000000017720                _u_boot_list_2_spl_image_loader_2_spl_mmc_load_image0BOOT_DEVICE_MMC1
 .u_boot_list_2_spl_image_loader_2_spl_mmc_load_image0BOOT_DEVICE_MMC2
                0x0000000000017738       0x18 common/spl/built-in.o
                0x0000000000017738                _u_boot_list_2_spl_image_loader_2_spl_mmc_load_image0BOOT_DEVICE_MMC2
 .u_boot_list_2_spl_image_loader_2_spl_mmc_load_image0BOOT_DEVICE_MMC2_2
                0x0000000000017750       0x18 common/spl/built-in.o
                0x0000000000017750                _u_boot_list_2_spl_image_loader_2_spl_mmc_load_image0BOOT_DEVICE_MMC2_2
 .u_boot_list_2_spl_image_loader_3
                0x0000000000017768        0x0 common/spl/built-in.o

.image_copy_end
                0x0000000000017768        0x0
                0x0000000000017768                . = ALIGN (0x8)
 *(.__image_copy_end)

.end            0x0000000000017768        0x0
                0x0000000000017768                . = ALIGN (0x8)
 *(.__end)
 .__end         0x0000000000017768        0x0 arch/arm/lib/built-in.o
                0x0000000000017768                _end
                0x0000000000017768                _image_binary_end = .

.bss_start      0x000000004ff80000        0x0
                0x000000004ff80000                . = ALIGN (0x8)
 *(.__bss_start)
 .__bss_start   0x000000004ff80000        0x0 arch/arm/lib/built-in.o
                0x000000004ff80000                __bss_start

.bss            0x000000004ff80000      0x1b8
 *(.bss*)
 .bss.stdio_devices
                0x000000004ff80000       0x18 common/built-in.o
                0x000000004ff80000                stdio_devices
 .bss.initialized.8806
                0x000000004ff80018        0x4 drivers/built-in.o
 *fill*         0x000000004ff8001c        0x4 
 .bss.mmc_devices
                0x000000004ff80020       0x10 drivers/built-in.o
 .bss.mmc_host  0x000000004ff80030      0x180 drivers/built-in.o
                0x000000004ff80030                mmc_host
 .bss.serial_current
                0x000000004ff801b0        0x8 drivers/built-in.o
                0x000000004ff801b8                . = ALIGN (0x8)

.bss_end        0x000000004ff801b8        0x0
 *(.__bss_end)
 .__bss_end     0x000000004ff801b8        0x0 arch/arm/lib/built-in.o
                0x000000004ff801b8                __bss_end

/DISCARD/
 *(.dynsym)
 *(.dynstr*)
 *(.dynamic*)
 *(.plt*)
 *(.interp*)
 *(.gnu*)
Address of section .text set to 0x10060
LOAD arch/arm/cpu/armv8/start.o
START GROUP
LOAD arch/arm/mach-sunxi/built-in.o
LOAD arch/arm/cpu/armv8/built-in.o
LOAD arch/arm/cpu/built-in.o
LOAD arch/arm/lib/built-in.o
LOAD board/sunxi/built-in.o
LOAD common/spl/built-in.o
LOAD common/init/built-in.o
LOAD common/built-in.o
LOAD cmd/built-in.o
LOAD env/built-in.o
LOAD lib/built-in.o
LOAD disk/built-in.o
LOAD drivers/built-in.o
LOAD dts/built-in.o
LOAD fs/built-in.o
END GROUP
LOAD /Devel/NOVAsom_SDK/Xcompiler-1.0.5/XarmGlibc_6.4_64_4_11_hfp/bin/../lib/gcc/aarch64-buildroot-linux-gnu/6.4.0/libgcc.a
OUTPUT(u-boot-spl elf64-littleaarch64)

.debug_line     0x0000000000000000    0x1106d
 .debug_line    0x0000000000000000       0xab arch/arm/cpu/armv8/start.o
 .debug_line    0x00000000000000ab     0x1ac6 arch/arm/mach-sunxi/built-in.o
 .debug_line    0x0000000000001b71     0x117b arch/arm/cpu/armv8/built-in.o
 .debug_line    0x0000000000002cec      0xed4 arch/arm/lib/built-in.o
 .debug_line    0x0000000000003bc0      0x4c7 board/sunxi/built-in.o
 .debug_line    0x0000000000004087      0xa94 common/spl/built-in.o
 .debug_line    0x0000000000004b1b      0x1d4 common/init/built-in.o
 .debug_line    0x0000000000004cef     0x429e common/built-in.o
 .debug_line    0x0000000000008f8d      0x501 env/built-in.o
 .debug_line    0x000000000000948e     0x52fa lib/built-in.o
 .debug_line    0x000000000000e788      0x48d disk/built-in.o
 .debug_line    0x000000000000ec15     0x2458 drivers/built-in.o

.debug_info     0x0000000000000000    0x704ea
 .debug_info    0x0000000000000000       0x83 arch/arm/cpu/armv8/start.o
 .debug_info    0x0000000000000083     0xeaea arch/arm/mach-sunxi/built-in.o
 .debug_info    0x000000000000eb6d     0x58f8 arch/arm/cpu/armv8/built-in.o
 .debug_info    0x0000000000014465     0x699c arch/arm/lib/built-in.o
 .debug_info    0x000000000001ae01     0x24bd board/sunxi/built-in.o
 .debug_info    0x000000000001d2be     0x5d25 common/spl/built-in.o
 .debug_info    0x0000000000022fe3      0xe05 common/init/built-in.o
 .debug_info    0x0000000000023de8    0x1c263 common/built-in.o
 .debug_info    0x000000000004004b     0x2733 env/built-in.o
 .debug_info    0x000000000004277e    0x1a71f lib/built-in.o
 .debug_info    0x000000000005ce9d     0x2277 disk/built-in.o
 .debug_info    0x000000000005f114    0x113d6 drivers/built-in.o

.debug_abbrev   0x0000000000000000    0x107d9
 .debug_abbrev  0x0000000000000000       0x14 arch/arm/cpu/armv8/start.o
 .debug_abbrev  0x0000000000000014     0x2203 arch/arm/mach-sunxi/built-in.o
 .debug_abbrev  0x0000000000002217      0xe66 arch/arm/cpu/armv8/built-in.o
 .debug_abbrev  0x000000000000307d     0x1207 arch/arm/lib/built-in.o
 .debug_abbrev  0x0000000000004284      0x4f2 board/sunxi/built-in.o
 .debug_abbrev  0x0000000000004776      0xdf5 common/spl/built-in.o
 .debug_abbrev  0x000000000000556b      0x2a8 common/init/built-in.o
 .debug_abbrev  0x0000000000005813     0x3757 common/built-in.o
 .debug_abbrev  0x0000000000008f6a      0x694 env/built-in.o
 .debug_abbrev  0x00000000000095fe     0x4af0 lib/built-in.o
 .debug_abbrev  0x000000000000e0ee      0x527 disk/built-in.o
 .debug_abbrev  0x000000000000e615     0x21c4 drivers/built-in.o

.debug_aranges  0x0000000000000000     0x39b0
 .debug_aranges
                0x0000000000000000       0x30 arch/arm/cpu/armv8/start.o
 .debug_aranges
                0x0000000000000030      0x4b0 arch/arm/mach-sunxi/built-in.o
 .debug_aranges
                0x00000000000004e0      0x480 arch/arm/cpu/armv8/built-in.o
 .debug_aranges
                0x0000000000000960      0x2c0 arch/arm/lib/built-in.o
 .debug_aranges
                0x0000000000000c20       0xd0 board/sunxi/built-in.o
 .debug_aranges
                0x0000000000000cf0      0x190 common/spl/built-in.o
 .debug_aranges
                0x0000000000000e80       0x50 common/init/built-in.o
 .debug_aranges
                0x0000000000000ed0      0xe10 common/built-in.o
 .debug_aranges
                0x0000000000001ce0      0x100 env/built-in.o
 .debug_aranges
                0x0000000000001de0     0x11e0 lib/built-in.o
 .debug_aranges
                0x0000000000002fc0       0xd0 disk/built-in.o
 .debug_aranges
                0x0000000000003090      0x920 drivers/built-in.o

.comment        0x0000000000000000       0x1f
 .comment       0x0000000000000000       0x1f arch/arm/mach-sunxi/built-in.o
                                        0x160 (size before relaxing)
 .comment       0x000000000000001f       0xa0 arch/arm/cpu/armv8/built-in.o
 .comment       0x000000000000001f      0x120 arch/arm/lib/built-in.o
 .comment       0x000000000000001f       0x20 board/sunxi/built-in.o
 .comment       0x000000000000001f       0x60 common/spl/built-in.o
 .comment       0x000000000000001f       0x20 common/init/built-in.o
 .comment       0x000000000000001f      0x1c0 common/built-in.o
 .comment       0x000000000000001f       0x40 env/built-in.o
 .comment       0x000000000000001f      0x3c0 lib/built-in.o
 .comment       0x000000000000001f       0x20 disk/built-in.o
 .comment       0x000000000000001f      0x100 drivers/built-in.o

.note.GNU-stack
                0x0000000000000000        0x0
 .note.GNU-stack
                0x0000000000000000        0x0 arch/arm/mach-sunxi/built-in.o
 .note.GNU-stack
                0x0000000000000000        0x0 arch/arm/cpu/armv8/built-in.o
 .note.GNU-stack
                0x0000000000000000        0x0 arch/arm/lib/built-in.o
 .note.GNU-stack
                0x0000000000000000        0x0 board/sunxi/built-in.o
 .note.GNU-stack
                0x0000000000000000        0x0 common/spl/built-in.o
 .note.GNU-stack
                0x0000000000000000        0x0 common/init/built-in.o
 .note.GNU-stack
                0x0000000000000000        0x0 common/built-in.o
 .note.GNU-stack
                0x0000000000000000        0x0 env/built-in.o
 .note.GNU-stack
                0x0000000000000000        0x0 lib/built-in.o
 .note.GNU-stack
                0x0000000000000000        0x0 disk/built-in.o
 .note.GNU-stack
                0x0000000000000000        0x0 drivers/built-in.o

.debug_frame    0x0000000000000000     0x81b0
 .debug_frame   0x0000000000000000      0x7c8 arch/arm/mach-sunxi/built-in.o
 .debug_frame   0x00000000000007c8      0x5d8 arch/arm/cpu/armv8/built-in.o
 .debug_frame   0x0000000000000da0      0x398 arch/arm/lib/built-in.o
 .debug_frame   0x0000000000001138      0x220 board/sunxi/built-in.o
 .debug_frame   0x0000000000001358      0x388 common/spl/built-in.o
 .debug_frame   0x00000000000016e0       0x70 common/init/built-in.o
 .debug_frame   0x0000000000001750     0x2530 common/built-in.o
 .debug_frame   0x0000000000003c80      0x238 env/built-in.o
 .debug_frame   0x0000000000003eb8     0x2bb0 lib/built-in.o
 .debug_frame   0x0000000000006a68      0x248 disk/built-in.o
 .debug_frame   0x0000000000006cb0     0x1500 drivers/built-in.o

.debug_str      0x0000000000000000     0x9afe
 .debug_str     0x0000000000000000     0x22d5 arch/arm/mach-sunxi/built-in.o
                                       0xa0ec (size before relaxing)
 .debug_str     0x00000000000022d5      0x5cd arch/arm/cpu/armv8/built-in.o
                                       0x3a4a (size before relaxing)
 .debug_str     0x00000000000028a2      0x395 arch/arm/lib/built-in.o
                                       0x5759 (size before relaxing)
 .debug_str     0x0000000000002c37      0x72e board/sunxi/built-in.o
                                       0x174b (size before relaxing)
 .debug_str     0x0000000000003365     0x1ad5 common/spl/built-in.o
                                       0x4ce0 (size before relaxing)
 .debug_str     0x0000000000004e3a       0x58 common/init/built-in.o
                                        0xbbd (size before relaxing)
 .debug_str     0x0000000000004e92     0x23e0 common/built-in.o
                                       0xfeb8 (size before relaxing)
 .debug_str     0x0000000000007272      0x215 env/built-in.o
                                       0x1aef (size before relaxing)
 .debug_str     0x0000000000007487     0x154e lib/built-in.o
                                       0xf491 (size before relaxing)
 .debug_str     0x00000000000089d5      0x273 disk/built-in.o
                                       0x1062 (size before relaxing)
 .debug_str     0x0000000000008c48      0xeb6 drivers/built-in.o
                                       0xa0ca (size before relaxing)

.debug_loc      0x0000000000000000    0x4bb2d
 .debug_loc     0x0000000000000000     0x3f1a arch/arm/mach-sunxi/built-in.o
 .debug_loc     0x0000000000003f1a     0x2277 arch/arm/cpu/armv8/built-in.o
 .debug_loc     0x0000000000006191      0x883 arch/arm/lib/built-in.o
 .debug_loc     0x0000000000006a14      0x5e7 board/sunxi/built-in.o
 .debug_loc     0x0000000000006ffb     0x1b94 common/spl/built-in.o
 .debug_loc     0x0000000000008b8f      0x18a common/init/built-in.o
 .debug_loc     0x0000000000008d19    0x15b86 common/built-in.o
 .debug_loc     0x000000000001e89f      0x638 env/built-in.o
 .debug_loc     0x000000000001eed7    0x23e8d lib/built-in.o
 .debug_loc     0x0000000000042d64     0x178e disk/built-in.o
 .debug_loc     0x00000000000444f2     0x763b drivers/built-in.o

.debug_ranges   0x0000000000000000     0x6c20
 .debug_ranges  0x0000000000000000      0x9d0 arch/arm/mach-sunxi/built-in.o
 .debug_ranges  0x00000000000009d0      0x8c0 arch/arm/cpu/armv8/built-in.o
 .debug_ranges  0x0000000000001290      0x1f0 arch/arm/lib/built-in.o
 .debug_ranges  0x0000000000001480      0x120 board/sunxi/built-in.o
 .debug_ranges  0x00000000000015a0      0x530 common/spl/built-in.o
 .debug_ranges  0x0000000000001ad0       0x40 common/init/built-in.o
 .debug_ranges  0x0000000000001b10     0x1b00 common/built-in.o
 .debug_ranges  0x0000000000003610      0x140 env/built-in.o
 .debug_ranges  0x0000000000003750     0x1ff0 lib/built-in.o
 .debug_ranges  0x0000000000005740      0x390 disk/built-in.o
 .debug_ranges  0x0000000000005ad0     0x1150 drivers/built-in.o
