
Discarded input sections

 .data          0x0000000000000000        0x0 arch/arm/cpu/armv8/start.o
 .bss           0x0000000000000000        0x0 arch/arm/cpu/armv8/start.o
 .text.sdelay   0x0000000000000000        0xc arch/arm/cpu/armv8/built-in.o
 .text.timer_read_counter
                0x0000000000000000        0xc arch/arm/cpu/armv8/built-in.o
 .text.usec2ticks
                0x0000000000000000       0x44 arch/arm/cpu/armv8/built-in.o
 .text.set_one_region
                0x0000000000000000       0xd4 arch/arm/cpu/armv8/built-in.o
 .text.flush_dcache_all
                0x0000000000000000       0x14 arch/arm/cpu/armv8/built-in.o
 .text.arch_get_page_table
                0x0000000000000000       0x20 arch/arm/cpu/armv8/built-in.o
 .text.mmu_set_region_dcache_behaviour
                0x0000000000000000       0xa8 arch/arm/cpu/armv8/built-in.o
 .text.mmu_change_region_attr
                0x0000000000000000       0xe8 arch/arm/cpu/armv8/built-in.o
 .text.icache_status
                0x0000000000000000       0x34 arch/arm/cpu/armv8/built-in.o
 .text.__asm_switch_ttbr
                0x0000000000000000       0xe0 arch/arm/cpu/armv8/built-in.o
 .text.armv8_switch_to_el1
                0x0000000000000000       0xd0 arch/arm/cpu/armv8/built-in.o
 .rodata.arch_get_page_table.str1.1
                0x0000000000000000       0x1e arch/arm/cpu/armv8/built-in.o
 .rodata.mmu_set_region_dcache_behaviour.str1.1
                0x0000000000000000       0x20 arch/arm/cpu/armv8/built-in.o
 .rodata.set_one_region.str1.1
                0x0000000000000000       0x2e arch/arm/cpu/armv8/built-in.o
 .data          0x0000000000000000        0x0 arch/arm/cpu/armv8/built-in.o
 .bss           0x0000000000000000        0x0 arch/arm/cpu/armv8/built-in.o
 .text.armv7_boot_nonsec_default
                0x0000000000000000        0x8 arch/arm/lib/built-in.o
 .text.reset_misc
                0x0000000000000000        0x4 arch/arm/lib/built-in.o
 .text.enable_caches
                0x0000000000000000        0xc arch/arm/lib/built-in.o
 .text.invalidate_dcache_range
                0x0000000000000000        0x4 arch/arm/lib/built-in.o
 .text.flush_dcache_range
                0x0000000000000000        0x4 arch/arm/lib/built-in.o
 .text.flush_dcache_all
                0x0000000000000000        0xc arch/arm/lib/built-in.o
 .text.check_cache_range
                0x0000000000000000       0x48 arch/arm/lib/built-in.o
 .text.fdt_psci
                0x0000000000000000        0x8 arch/arm/lib/built-in.o
 .rodata.check_cache_range.str1.1
                0x0000000000000000       0x35 arch/arm/lib/built-in.o
 .rodata.enable_caches.str1.1
                0x0000000000000000       0x1d arch/arm/lib/built-in.o
 .data          0x0000000000000000        0x0 arch/arm/lib/built-in.o
 .__efi_runtime_rel_start
                0x0000000000000000        0x0 arch/arm/lib/built-in.o
 .__efi_runtime_rel_stop
                0x0000000000000000        0x0 arch/arm/lib/built-in.o
 .__efi_runtime_start
                0x0000000000000000        0x0 arch/arm/lib/built-in.o
 .__efi_runtime_stop
                0x0000000000000000        0x0 arch/arm/lib/built-in.o
 .__end         0x0000000000000000        0x0 arch/arm/lib/built-in.o
 .__secure_end  0x0000000000000000        0x0 arch/arm/lib/built-in.o
 .__secure_stack_end
                0x0000000000000000        0x0 arch/arm/lib/built-in.o
 .__secure_stack_start
                0x0000000000000000        0x0 arch/arm/lib/built-in.o
 .__secure_start
                0x0000000000000000        0x0 arch/arm/lib/built-in.o
 .bss           0x0000000000000000        0x0 arch/arm/lib/built-in.o
 .text          0x0000000000000000        0x0 arch/arm/mach-sunxi/built-in.o
 .text.gtbus_init
                0x0000000000000000        0x4 arch/arm/mach-sunxi/built-in.o
 .text.clock_twi_onoff
                0x0000000000000000       0x90 arch/arm/mach-sunxi/built-in.o
 .text.sunxi_get_sram_id
                0x0000000000000000       0x30 arch/arm/mach-sunxi/built-in.o
 .text.mctl_await_completion
                0x0000000000000000       0x64 arch/arm/mach-sunxi/built-in.o
 .text.mctl_mem_matches
                0x0000000000000000       0x40 arch/arm/mach-sunxi/built-in.o
 .text.sunxi_gpio_get_cfgpin
                0x0000000000000000       0x34 arch/arm/mach-sunxi/built-in.o
 .text.sunxi_usb_phy_enable_squelch_detect
                0x0000000000000000       0xa8 arch/arm/mach-sunxi/built-in.o
 .text.sunxi_usb_phy_power_off
                0x0000000000000000       0x34 arch/arm/mach-sunxi/built-in.o
 .text.sunxi_usb_phy_vbus_detect
                0x0000000000000000       0x78 arch/arm/mach-sunxi/built-in.o
 .text.sunxi_usb_phy_id_detect
                0x0000000000000000       0x24 arch/arm/mach-sunxi/built-in.o
 .text.sunxi_usb_phy_remove
                0x0000000000000000       0x68 arch/arm/mach-sunxi/built-in.o
 .text.prcm_apb0_enable
                0x0000000000000000       0x24 arch/arm/mach-sunxi/built-in.o
[...]
Memory Configuration

Name             Origin             Length             Attributes
*default*        0x0000000000000000 0xffffffffffffffff

Linker script and memory map

Address of section .text set to 0x4a000000
                0x0000000000000000                . = 0x0
                0x0000000000000000                . = ALIGN (0x8)

.text           0x000000004a000000    0x52b6c
 *(.__image_copy_start)
 .__image_copy_start
                0x000000004a000000        0x0 arch/arm/lib/built-in.o
                0x000000004a000000                __image_copy_start
 arch/arm/cpu/armv8/start.o(.text*)
 .text          0x000000004a000000      0x1c0 arch/arm/cpu/armv8/start.o
                0x000000004a000000                _start
                0x000000004a0000b8                _TEXT_BASE
                0x000000004a0000c0                _end_ofs
                0x000000004a0000c8                _bss_start_ofs
                0x000000004a0000d0                _bss_end_ofs
                0x000000004a0000dc                save_boot_params_ret
                0x000000004a000144                apply_core_errata
                0x000000004a000174                smp_kick_all_cpus
                0x000000004a000178                c_runtime_cpu_setup
                0x000000004a0001b0                save_boot_params
 *(.text*)
 *fill*         0x000000004a0001c0      0x640 
 .text          0x000000004a000800      0x854 arch/arm/cpu/armv8/built-in.o
                0x000000004a000800                vectors
                0x000000004a001038                lowlevel_init
 .text.cleanup_before_linux
                0x000000004a001054       0x28 arch/arm/cpu/armv8/built-in.o
                0x000000004a001054                cleanup_before_linux
 .text.get_tbclk
                0x000000004a00107c        0x8 arch/arm/cpu/armv8/built-in.o
                0x000000004a00107c                get_tbclk
 .text.get_ticks
                0x000000004a001084       0x10 arch/arm/cpu/armv8/built-in.o
                0x000000004a001084                get_ticks
 .text.count_required_pts
                0x000000004a001094       0xf4 arch/arm/cpu/armv8/built-in.o
 .text.create_table
                0x000000004a001188       0x70 arch/arm/cpu/armv8/built-in.o
 .text.split_block
                0x000000004a0011f8       0x9c arch/arm/cpu/armv8/built-in.o
 .text.get_tcr  0x000000004a001294       0xe8 arch/arm/cpu/armv8/built-in.o
                0x000000004a001294                get_tcr
 .text.find_pte
                0x000000004a00137c       0x94 arch/arm/cpu/armv8/built-in.o
 .text.get_page_table_size
                0x000000004a001410       0x48 arch/arm/cpu/armv8/built-in.o
                0x000000004a001410                get_page_table_size
 .text.setup_pgtables
                0x000000004a001458      0x15c arch/arm/cpu/armv8/built-in.o
                0x000000004a001458                setup_pgtables
 .text.mmu_setup
                0x000000004a0015b4      0x13c arch/arm/cpu/armv8/built-in.o
                0x000000004a0015b4                mmu_setup
 .text.invalidate_dcache_all
                0x000000004a0016f0       0x14 arch/arm/cpu/armv8/built-in.o
                0x000000004a0016f0                invalidate_dcache_all
 .text.invalidate_dcache_range
                0x000000004a001704        0x4 arch/arm/cpu/armv8/built-in.o
                0x000000004a001704                invalidate_dcache_range
 .text.flush_dcache_range
                0x000000004a001708        0x4 arch/arm/cpu/armv8/built-in.o
                0x000000004a001708                flush_dcache_range
 .text.dcache_enable
                0x000000004a00170c      0x110 arch/arm/cpu/armv8/built-in.o
                0x000000004a00170c                dcache_enable
 .text.dcache_disable
                0x000000004a00181c       0x84 arch/arm/cpu/armv8/built-in.o
                0x000000004a00181c                dcache_disable
 .text.dcache_status
                0x000000004a0018a0       0x34 arch/arm/cpu/armv8/built-in.o
                0x000000004a0018a0                dcache_status
 .text.icache_disable
                0x000000004a0018d4       0x64 arch/arm/cpu/armv8/built-in.o
                0x000000004a0018d4                icache_disable
 .text.invalidate_icache_all
                0x000000004a001938       0x14 arch/arm/cpu/armv8/built-in.o
                0x000000004a001938                invalidate_icache_all
 .text.icache_enable
                0x000000004a00194c       0x74 arch/arm/cpu/armv8/built-in.o
                0x000000004a00194c                icache_enable
 .text.enable_caches
                0x000000004a0019c0       0x14 arch/arm/cpu/armv8/built-in.o
                0x000000004a0019c0                enable_caches
 .text.__asm_dcache_level
                0x000000004a0019d4       0x64 arch/arm/cpu/armv8/built-in.o
                0x000000004a0019d4                __asm_dcache_level
 .text.__asm_dcache_all
                0x000000004a001a38       0x60 arch/arm/cpu/armv8/built-in.o
                0x000000004a001a38                __asm_dcache_all
 .text.__asm_flush_dcache_all
                0x000000004a001a98        0x8 arch/arm/cpu/armv8/built-in.o
                0x000000004a001a98                __asm_flush_dcache_all
 .text.__asm_invalidate_dcache_all
                0x000000004a001aa0        0x8 arch/arm/cpu/armv8/built-in.o
                0x000000004a001aa0                __asm_invalidate_dcache_all
 .text.__asm_flush_dcache_range
                0x000000004a001aa8       0x34 arch/arm/cpu/armv8/built-in.o
                0x000000004a001aa8                __asm_flush_dcache_range
 .text.__asm_invalidate_dcache_range
                0x000000004a001adc       0x30 arch/arm/cpu/armv8/built-in.o
                0x000000004a001adc                __asm_invalidate_dcache_range
 .text.__asm_invalidate_icache_all
                0x000000004a001b0c        0xc arch/arm/cpu/armv8/built-in.o
                0x000000004a001b0c                __asm_invalidate_icache_all
 .text.__asm_invalidate_l3_dcache
                0x000000004a001b18        0x8 arch/arm/cpu/armv8/built-in.o
                0x000000004a001b18                __asm_invalidate_l3_dcache
 .text.__asm_flush_l3_dcache
                0x000000004a001b20        0x8 arch/arm/cpu/armv8/built-in.o
                0x000000004a001b20                __asm_flush_l3_dcache
 .text.__asm_invalidate_l3_icache
                0x000000004a001b28        0x8 arch/arm/cpu/armv8/built-in.o
                0x000000004a001b28                __asm_invalidate_l3_icache
 .text.__asm_invalidate_tlb_all
                0x000000004a001b30       0x4c arch/arm/cpu/armv8/built-in.o
                0x000000004a001b30                __asm_invalidate_tlb_all
 *fill*         0x000000004a001b7c        0x4 
 .text.armv8_switch_to_el2
                0x000000004a001b80       0xb8 arch/arm/cpu/armv8/built-in.o
                0x000000004a001b80                armv8_switch_to_el2
 .text.armv8_el2_to_aarch32
                0x000000004a001c38        0x4 arch/arm/cpu/armv8/built-in.o
                0x000000004a001c38                armv8_el2_to_aarch32
 .text.reset_misc
                0x000000004a001c3c        0xc arch/arm/cpu/armv8/built-in.o
                0x000000004a001c3c                reset_misc
 .text          0x000000004a001c48      0x140 arch/arm/lib/built-in.o
                0x000000004a001c48                _main
                0x000000004a001cc8                relocate_code
 .text.arch_fixup_fdt
                0x000000004a001d88       0x30 arch/arm/lib/built-in.o
                0x000000004a001d88                arch_fixup_fdt
 .text.arch_lmb_reserve
                0x000000004a001db8       0x24 arch/arm/lib/built-in.o
                0x000000004a001db8                arch_lmb_reserve
 .text.board_quiesce_devices
                0x000000004a001ddc        0x4 arch/arm/lib/built-in.o
                0x000000004a001ddc                board_quiesce_devices
 .text.setup_board_tags
                0x000000004a001de0        0x4 arch/arm/lib/built-in.o
                0x000000004a001de0                setup_board_tags
 .text.boot_prep_linux
                0x000000004a001de4      0x1d0 arch/arm/lib/built-in.o
 .text.update_os_arch_secondary_cores
                0x000000004a001fb4        0x4 arch/arm/lib/built-in.o
                0x000000004a001fb4                update_os_arch_secondary_cores
 .text.boot_jump_linux
                0x000000004a001fb8       0xc0 arch/arm/lib/built-in.o
 .text.do_bootm_linux
                0x000000004a002078       0x74 arch/arm/lib/built-in.o
                0x000000004a002078                do_bootm_linux
 .text.boot_prep_vxworks
                0x000000004a0020ec       0x50 arch/arm/lib/built-in.o
                0x000000004a0020ec                boot_prep_vxworks
 .text.boot_jump_vxworks
                0x000000004a00213c        0xc arch/arm/lib/built-in.o
                0x000000004a00213c                boot_jump_vxworks
 .text.arch_reserve_stacks
                0x000000004a002148       0x10 arch/arm/lib/built-in.o
                0x000000004a002148                arch_reserve_stacks
 .text.interrupt_init
                0x000000004a002158        0x8 arch/arm/lib/built-in.o
                0x000000004a002158                interrupt_init
 .text.enable_interrupts
                0x000000004a002160        0x4 arch/arm/lib/built-in.o
                0x000000004a002160                enable_interrupts
 .text.disable_interrupts
                0x000000004a002164        0x8 arch/arm/lib/built-in.o
                0x000000004a002164                disable_interrupts
 .text.show_regs
                0x000000004a00216c       0x80 arch/arm/lib/built-in.o
                0x000000004a00216c                show_regs
 .text.do_bad_sync
                0x000000004a0021ec       0x3c arch/arm/lib/built-in.o
                0x000000004a0021ec                do_bad_sync
 .text.do_bad_irq
                0x000000004a002228       0x3c arch/arm/lib/built-in.o
                0x000000004a002228                do_bad_irq
 .text.do_bad_fiq
                0x000000004a002264       0x3c arch/arm/lib/built-in.o
                0x000000004a002264                do_bad_fiq
 .text.do_bad_error
                0x000000004a0022a0       0x3c arch/arm/lib/built-in.o
                0x000000004a0022a0                do_bad_error
 .text.do_sync  0x000000004a0022dc       0x3c arch/arm/lib/built-in.o
                0x000000004a0022dc                do_sync
 .text.do_irq   0x000000004a002318       0x3c arch/arm/lib/built-in.o
                0x000000004a002318                do_irq
 .text.do_fiq   0x000000004a002354       0x3c arch/arm/lib/built-in.o
                0x000000004a002354                do_fiq
 .text.do_error
                0x000000004a002390       0x3c arch/arm/lib/built-in.o
                0x000000004a002390                do_error
 .text.do_reset
                0x000000004a0023cc       0x38 arch/arm/lib/built-in.o
                0x000000004a0023cc                do_reset
 .text.flush_cache
                0x000000004a002404        0x8 arch/arm/lib/built-in.o
                0x000000004a002404                flush_cache
 .text.s_init   0x000000004a00240c       0x60 arch/arm/mach-sunxi/built-in.o
                0x000000004a00240c                s_init
 .text.sunxi_get_boot_device
                0x000000004a00246c       0x90 arch/arm/mach-sunxi/built-in.o
                0x000000004a00246c                sunxi_get_boot_device
 .text.reset_cpu
                0x000000004a0024fc       0x2c arch/arm/mach-sunxi/built-in.o
                0x000000004a0024fc                reset_cpu
 .text.clock_init_sec
                0x000000004a002528       0x30 arch/arm/mach-sunxi/built-in.o
                0x000000004a00252c                clock_init_sec
 .text.clock_init
                0x000000004a002558       0x1c arch/arm/mach-sunxi/built-in.o
                0x000000004a002558                clock_init
 .text.print_cpuinfo
                0x000000004a002574       0x20 arch/arm/mach-sunxi/built-in.o
                0x000000004a002574                print_cpuinfo
 .text.sunxi_get_sid
                0x000000004a002594       0x3c arch/arm/mach-sunxi/built-in.o
                0x000000004a002594                sunxi_get_sid
 .text.sunxi_gpio_set_cfgbank
                0x000000004a0025d0       0x2c arch/arm/mach-sunxi/built-in.o
                0x000000004a0025d0                sunxi_gpio_set_cfgbank
 .text.sunxi_gpio_set_cfgpin
                0x000000004a0025fc       0x3c arch/arm/mach-sunxi/built-in.o
                0x000000004a0025fc                sunxi_gpio_set_cfgpin
 .text.sunxi_gpio_get_cfgbank
                0x000000004a002638       0x20 arch/arm/mach-sunxi/built-in.o
                0x000000004a002638                sunxi_gpio_get_cfgbank
 .text.sunxi_gpio_set_drv
                0x000000004a002658       0x64 arch/arm/mach-sunxi/built-in.o
                0x000000004a002658                sunxi_gpio_set_drv
 .text.sunxi_gpio_set_pull
                0x000000004a0026bc       0x64 arch/arm/mach-sunxi/built-in.o
                0x000000004a0026bc                sunxi_gpio_set_pull
 .text.sunxi_usb_phy_init
                0x000000004a002720       0xa0 arch/arm/mach-sunxi/built-in.o
                0x000000004a002720                sunxi_usb_phy_init
 .text.sunxi_usb_phy_exit
                0x000000004a0027c0       0x6c arch/arm/mach-sunxi/built-in.o
                0x000000004a0027c0                sunxi_usb_phy_exit
 .text.sunxi_usb_phy_power_on
                0x000000004a00282c       0x90 arch/arm/mach-sunxi/built-in.o
                0x000000004a00282c                sunxi_usb_phy_power_on
 .text.sunxi_usb_phy_probe
                0x000000004a0028bc      0x10c arch/arm/mach-sunxi/built-in.o
                0x000000004a0028bc                sunxi_usb_phy_probe
 .text.clock_init_uart
                0x000000004a0029c8       0x38 arch/arm/mach-sunxi/built-in.o
                0x000000004a0029c8                clock_init_uart
 .text.clock_set_pll3
                0x000000004a002a00       0x4c arch/arm/mach-sunxi/built-in.o
                0x000000004a002a00                clock_set_pll3
 .text.clock_set_pll3_factors
                0x000000004a002a4c       0x3c arch/arm/mach-sunxi/built-in.o
                0x000000004a002a4c                clock_set_pll3_factors
 .text.clock_set_pll10
                0x000000004a002a88       0x5c arch/arm/mach-sunxi/built-in.o
                0x000000004a002a88                clock_set_pll10
 .text.clock_get_pll6
                0x000000004a002ae4       0x30 arch/arm/mach-sunxi/built-in.o
                0x000000004a002ae4                clock_get_pll6
 .text.setup_environment
                0x000000004a002b14      0x14c board/sunxi/built-in.o
 .text.board_init
                0x000000004a002c60       0x90 board/sunxi/built-in.o
                0x000000004a002c60                board_init
 .text.dram_init
                0x000000004a002cf0       0x30 board/sunxi/built-in.o
                0x000000004a002cf0                dram_init
 .text.board_mmc_init
                0x000000004a002d20       0x5c board/sunxi/built-in.o
                0x000000004a002d20                board_mmc_init
 .text.get_board_serial
                0x000000004a002d7c       0x48 board/sunxi/built-in.o
                0x000000004a002d7c                get_board_serial
 .text.misc_init_r
                0x000000004a002dc4      0x138 board/sunxi/built-in.o
                0x000000004a002dc4                misc_init_r
 .text.ft_board_setup
                0x000000004a002efc       0x24 board/sunxi/built-in.o
                0x000000004a002efc                ft_board_setup
 .text.do_go_exec
                0x000000004a002f20       0x10 cmd/built-in.o
                0x000000004a002f20                do_go_exec
 .text.do_go    0x000000004a002f30       0x84 cmd/built-in.o
 .text.do_bootm
                0x000000004a002fb4      0x110 cmd/built-in.o
                0x000000004a002fb4                do_bootm
 .text.do_bootd
                0x000000004a0030c4       0x2c cmd/built-in.o
                0x000000004a0030c4                do_bootd
 .text.image_info
                0x000000004a0030f0      0x12c cmd/built-in.o
 .text.do_iminfo
                0x000000004a00321c       0x80 cmd/built-in.o
 .text.bootm_maybe_autostart
                0x000000004a00329c       0x74 cmd/built-in.o
                0x000000004a00329c                bootm_maybe_autostart
 .text.do_help  0x000000004a003310       0x3c cmd/built-in.o
 .text.do_version
                0x000000004a00334c       0x40 cmd/built-in.o
 .text.blk_common_cmd
                0x000000004a00338c      0x32c cmd/built-in.o
                0x000000004a00338c                blk_common_cmd
 .text.source   0x000000004a0036b8      0x1c8 cmd/built-in.o
                0x000000004a0036b8                source
 .text.do_source
                0x000000004a003880       0x74 cmd/built-in.o
 .text.print_num
                0x000000004a0038f4       0x14 cmd/built-in.o
 .text.do_bdinfo
                0x000000004a003908      0x104 cmd/built-in.o
 .text.efi_do_enter
                0x000000004a003a0c       0x58 cmd/built-in.o
 .text.efi_init_obj_list
                0x000000004a003a64       0x34 cmd/built-in.o
 .text.efi_run_in_el2
                0x000000004a003a98       0x3c cmd/built-in.o
 .text.do_bootefi_exec
                0x000000004a003ad4      0x3a8 cmd/built-in.o
 .text.do_bootefi
                0x000000004a003e7c      0x134 cmd/built-in.o
 .text.efi_set_bootdev
                0x000000004a003fb0      0x118 cmd/built-in.o
                0x000000004a003fb0                efi_set_bootdev
 .text.do_booti
                0x000000004a0040c8      0x194 cmd/built-in.o
                0x000000004a0040c8                do_booti
 .text.do_coninfo
                0x000000004a00425c       0xdc cmd/built-in.o
 .text.do_echo  0x000000004a004338       0xd8 cmd/built-in.o
 .text.load_elf_image_shdr
                0x000000004a004410       0xa8 cmd/built-in.o
 .text.valid_elf_image
                0x000000004a0044b8       0x54 cmd/built-in.o
                0x000000004a0044b8                valid_elf_image
 .text.do_bootelf
                0x000000004a00450c      0x1c4 cmd/built-in.o
                0x000000004a00450c                do_bootelf
 .text.do_bootvx
                0x000000004a0046d0      0x370 cmd/built-in.o
                0x000000004a0046d0                do_bootvx
 .text.do_exit  0x000000004a004a40       0x40 cmd/built-in.o
 .text.do_ext4_size
                0x000000004a004a80        0x8 cmd/built-in.o
                0x000000004a004a80                do_ext4_size
 .text.do_ext4_load
                0x000000004a004a88        0x8 cmd/built-in.o
                0x000000004a004a88                do_ext4_load
 .text.do_ext4_ls
                0x000000004a004a90        0x8 cmd/built-in.o
                0x000000004a004a90                do_ext4_ls
 .text.do_ext2load
                0x000000004a004a98        0x8 cmd/built-in.o
                0x000000004a004a98                do_ext2load
 .text.do_ext2ls
                0x000000004a004aa0        0x8 cmd/built-in.o
 .text.do_fat_size
                0x000000004a004aa8        0x8 cmd/built-in.o
                0x000000004a004aa8                do_fat_size
 .text.do_fat_fsload
                0x000000004a004ab0        0x8 cmd/built-in.o
                0x000000004a004ab0                do_fat_fsload
 .text.do_fat_ls
                0x000000004a004ab8        0x8 cmd/built-in.o
 .text.do_fat_fsinfo
                0x000000004a004ac0       0x98 cmd/built-in.o
 .text.do_fat_fswrite
                0x000000004a004b58      0x120 cmd/built-in.o
 .text.fdt_valid
                0x000000004a004c78       0xcc cmd/built-in.o
 .text.is_printable_string
                0x000000004a004d44       0x88 cmd/built-in.o
 .text.print_data
                0x000000004a004dcc      0x1b8 cmd/built-in.o
 .text.set_working_fdt_addr
                0x000000004a004f84       0x18 cmd/built-in.o
                0x000000004a004f84                set_working_fdt_addr
 .text.do_fdt   0x000000004a004f9c      0xf54 cmd/built-in.o
 .text.do_size_wrapper
                0x000000004a005ef0        0x8 cmd/built-in.o
 .text.do_load_wrapper
                0x000000004a005ef8       0x80 cmd/built-in.o
 .text.do_save_wrapper
                0x000000004a005f78        0x8 cmd/built-in.o
 .text.do_ls_wrapper
                0x000000004a005f80        0x8 cmd/built-in.o
 .text.do_fstype_wrapper
                0x000000004a005f88        0x4 cmd/built-in.o
 .text.gpio_get_description
                0x000000004a005f8c       0xd0 cmd/built-in.o
 .text.do_gpio  0x000000004a00605c      0x35c cmd/built-in.o
 .text.evalexp  0x000000004a0063b8       0x98 cmd/built-in.o
 .text.evalstr  0x000000004a006450       0x5c cmd/built-in.o
 .text.binary_test
                0x000000004a0064ac      0x1ac cmd/built-in.o
 .text.do_itest
                0x000000004a006658       0x90 cmd/built-in.o
 .text.bin_data_init
                0x000000004a0066e8       0x1c cmd/built-in.o
 .text.k_data_save
                0x000000004a006704       0x34 cmd/built-in.o
 .text.k_data_restore
                0x000000004a006738       0x34 cmd/built-in.o
 .text.getcxmodem
                0x000000004a00676c       0x24 cmd/built-in.o
 .text.load_serial_ymodem
                0x000000004a006790       0xf0 cmd/built-in.o
 .text.bin_data_char
                0x000000004a006880       0x28 cmd/built-in.o
 .text.chk1.constprop.1
                0x000000004a0068a8       0x34 cmd/built-in.o
 .text.s1_sendpacket.constprop.2
                0x000000004a0068dc       0x60 cmd/built-in.o
 .text.load_serial
                0x000000004a00693c      0x1e4 cmd/built-in.o
 .text.do_load_serial
                0x000000004a006b20       0xe8 cmd/built-in.o
 .text.do_load_serial_bin
                0x000000004a006c08      0x7d0 cmd/built-in.o
 .text.do_mem_loop
                0x000000004a0073d8      0x144 cmd/built-in.o
 .text.do_mem_md
                0x000000004a00751c       0xec cmd/built-in.o
 .text.do_mem_cmp
                0x000000004a007608      0x1a0 cmd/built-in.o
 .text.do_mem_base
                0x000000004a0077a8       0x4c cmd/built-in.o
 .text.do_mem_mw
                0x000000004a0077f4      0x100 cmd/built-in.o
 .text.do_mem_cp
                0x000000004a0078f4       0xc4 cmd/built-in.o
 .text.do_mem_crc
                0x000000004a0079b8       0x30 cmd/built-in.o
 .text.mod_mem.isra.0
                0x000000004a0079e8      0x1cc cmd/built-in.o
 .text.do_mem_mm
                0x000000004a007bb4        0x8 cmd/built-in.o
 .text.do_mem_nm
                0x000000004a007bbc        0x8 cmd/built-in.o
 .text.extract_range
                0x000000004a007bc4       0xf8 cmd/built-in.o
 .text.do_mii   0x000000004a007cbc      0x8e0 cmd/built-in.o
 .text.do_mdio  0x000000004a00859c      0x4a4 cmd/built-in.o
 .text.do_sleep
                0x000000004a008a40       0xe4 cmd/built-in.o
 .text.do_mmcops
                0x000000004a008b24       0xd0 cmd/built-in.o
 .text.init_mmc_device
                0x000000004a008bf4       0x64 cmd/built-in.o
 .text.do_mmc_rescan
                0x000000004a008c58       0x28 cmd/built-in.o
 .text.do_mmc_hwpartition
                0x000000004a008c80      0x4f4 cmd/built-in.o
 .text.do_mmc_list
                0x000000004a009174       0x1c cmd/built-in.o
 .text.do_mmc_dev
                0x000000004a009190      0x148 cmd/built-in.o
 .text.do_mmc_read
                0x000000004a0092d8       0xfc cmd/built-in.o
 .text.do_mmc_part
                0x000000004a0093d4       0x6c cmd/built-in.o
 .text.do_mmc_erase
                0x000000004a009440      0x108 cmd/built-in.o
 .text.do_mmc_write
                0x000000004a009548      0x120 cmd/built-in.o
 .text.do_mmcinfo
                0x000000004a009668      0x380 cmd/built-in.o
 .text.do_mmc_setdsr
                0x000000004a0099e8       0xb8 cmd/built-in.o
 .text.netboot_common
                0x000000004a009aa0      0x268 cmd/built-in.o
 .text.do_bootp
                0x000000004a009d08        0xc cmd/built-in.o
 .text.do_dhcp  0x000000004a009d14        0xc cmd/built-in.o
 .text.do_nfs   0x000000004a009d20        0xc cmd/built-in.o
 .text.do_tftpb
                0x000000004a009d2c       0x58 cmd/built-in.o
                0x000000004a009d2c                do_tftpb
 .text.do_ping  0x000000004a009d84       0x7c cmd/built-in.o
 .text.do_part_list
                0x000000004a009e00      0x18c cmd/built-in.o
 .text.do_part_start
                0x000000004a009f8c       0xd4 cmd/built-in.o
 .text.do_part_size
                0x000000004a00a060       0xd4 cmd/built-in.o
 .text.do_part  0x000000004a00a134      0x118 cmd/built-in.o
 .text.eol_or_eof
                0x000000004a00a24c       0x24 cmd/built-in.o
 .text.do_pxe   0x000000004a00a270       0x8c cmd/built-in.o
 .text.label_print
                0x000000004a00a2fc       0x1c cmd/built-in.o
 .text.do_get_tftp
                0x000000004a00a318       0x3c cmd/built-in.o
 .text.from_env
                0x000000004a00a354       0x3c cmd/built-in.o
 .text.get_string
                0x000000004a00a390       0xec cmd/built-in.o
 .text.label_destroy
                0x000000004a00a47c       0x68 cmd/built-in.o
 .text.destroy_pxe_menu
                0x000000004a00a4e4       0x68 cmd/built-in.o
 .text.get_token
                0x000000004a00a54c      0x134 cmd/built-in.o
 .text.parse_sliteral
                0x000000004a00a680       0x6c cmd/built-in.o
 .text.parse_integer
                0x000000004a00a6ec       0x84 cmd/built-in.o
 .text.do_get_any
                0x000000004a00a770       0x44 cmd/built-in.o
 .text.do_get_fat
                0x000000004a00a7b4       0x40 cmd/built-in.o
 .text.do_get_ext2
                0x000000004a00a7f4       0x40 cmd/built-in.o
 .text.format_mac_pxe.constprop.6
                0x000000004a00a834       0x6c cmd/built-in.o
 .text.get_relfile
                0x000000004a00a8a0      0x138 cmd/built-in.o
 .text.get_pxe_file
                0x000000004a00a9d8       0x60 cmd/built-in.o
 .text.handle_include
                0x000000004a00aa38       0xc4 cmd/built-in.o
 .text.parse_pxefile_top
                0x000000004a00aafc      0x3f8 cmd/built-in.o
 .text.parse_pxefile
                0x000000004a00aef4       0x7c cmd/built-in.o
 .text.get_pxelinux_path
                0x000000004a00af70       0x98 cmd/built-in.o
 .text.do_pxe_get
                0x000000004a00b008      0x168 cmd/built-in.o
 .text.get_relfile_envaddr
                0x000000004a00b170       0x5c cmd/built-in.o
 .text.label_boot
                0x000000004a00b1cc      0x574 cmd/built-in.o
 .text.handle_pxe_menu
                0x000000004a00b740      0x174 cmd/built-in.o
 .text.do_pxe_boot
                0x000000004a00b8b4       0xf0 cmd/built-in.o
 .text.do_sysboot
                0x000000004a00b9a4      0x1f0 cmd/built-in.o
 .text.substitute
                0x000000004a00bb94      0x114 cmd/built-in.o
 .text.get_arg  0x000000004a00bca8       0x68 cmd/built-in.o
 .text.regex_sub
                0x000000004a00bd10      0x2d0 cmd/built-in.o
 .text.do_setexpr
                0x000000004a00bfe0      0x188 cmd/built-in.o
 .text.do_false
                0x000000004a00c168        0x8 cmd/built-in.o
 .text.do_true  0x000000004a00c170        0x8 cmd/built-in.o
 .text.do_test  0x000000004a00c178      0x360 cmd/built-in.o
 .text.do_unzip
                0x000000004a00c4d8       0xbc cmd/built-in.o
 .text.do_gzwrite
                0x000000004a00c594      0x118 cmd/built-in.o
 .text.do_lzmadec
                0x000000004a00c6ac       0xbc cmd/built-in.o
 .text.usb_get_class_desc
                0x000000004a00c768       0xc0 cmd/built-in.o
 .text.usb_display_class_sub
                0x000000004a00c828      0x18c cmd/built-in.o
 .text.usb_display_desc
                0x000000004a00c9b4      0x140 cmd/built-in.o
 .text.usb_show_tree_graph
                0x000000004a00caf4      0x1ec cmd/built-in.o
 .text.usb_show_subtree
                0x000000004a00cce0       0x38 cmd/built-in.o
 .text.usb_for_each_root_dev
                0x000000004a00cd18       0x68 cmd/built-in.o
 .text.usb_display_string
                0x000000004a00cd80       0x4c cmd/built-in.o
 .text.usb_display_config
                0x000000004a00cdcc      0x26c cmd/built-in.o
 .text.usb_show_info
                0x000000004a00d038       0x58 cmd/built-in.o
 .text.usb_find_device
                0x000000004a00d090       0xb0 cmd/built-in.o
 .text.do_usbboot
                0x000000004a00d140        0xc cmd/built-in.o
 .text.do_usb_start
                0x000000004a00d14c       0x30 cmd/built-in.o
 .text.usb_show_tree
                0x000000004a00d17c        0xc cmd/built-in.o
                0x000000004a00d17c                usb_show_tree
 .text.do_usb   0x000000004a00d188      0x404 cmd/built-in.o
 .text.common_diskboot
                0x000000004a00d58c      0x2a0 cmd/built-in.o
                0x000000004a00d58c                common_diskboot
 .text.do_imgextract
                0x000000004a00d82c      0x3b8 cmd/built-in.o
 .text.extract_val
                0x000000004a00dbe4       0xac cmd/built-in.o
 .text.extract_env
                0x000000004a00dc90       0xf8 cmd/built-in.o
 .text.set_gpt_info.isra.1.constprop.2
                0x000000004a00dd88      0x45c cmd/built-in.o
 .text.do_gpt   0x000000004a00e1e4      0x2e8 cmd/built-in.o
 .text.do_env_delete
                0x000000004a00e4cc       0xbc cmd/built-in.o
 .text.do_env_exists
                0x000000004a00e588       0x60 cmd/built-in.o
 .text.do_env_save
                0x000000004a00e5e8       0x30 cmd/built-in.o
 .text.do_env   0x000000004a00e618       0x80 cmd/built-in.o
 .text.env_print
                0x000000004a00e698       0xc8 cmd/built-in.o
 .text.do_env_print
                0x000000004a00e760       0xe0 cmd/built-in.o
 .text.do_env_import
                0x000000004a00e840      0x258 cmd/built-in.o
 .text.do_env_default
                0x000000004a00ea98       0x90 cmd/built-in.o
 .text._do_env_set.isra.0
                0x000000004a00eb28      0x1b8 cmd/built-in.o
 .text.do_env_set
                0x000000004a00ece0       0x20 cmd/built-in.o
 .text.get_env_id
                0x000000004a00ed00        0xc cmd/built-in.o
                0x000000004a00ed00                get_env_id
 .text.env_set  0x000000004a00ed0c       0x58 cmd/built-in.o
                0x000000004a00ed0c                env_set
 .text.env_set_ulong
                0x000000004a00ed64       0x2c cmd/built-in.o
                0x000000004a00ed64                env_set_ulong
 .text.env_set_hex
                0x000000004a00ed90       0x3c cmd/built-in.o
                0x000000004a00ed90                env_set_hex
 .text.do_env_export
                0x000000004a00edcc      0x214 cmd/built-in.o
 .text.envmatch
                0x000000004a00efe0       0x7c cmd/built-in.o
                0x000000004a00efe0                envmatch
 .text.env_get_f
                0x000000004a00f05c       0xe8 cmd/built-in.o
                0x000000004a00f05c                env_get_f
 .text.env_get  0x000000004a00f144       0x74 cmd/built-in.o
                0x000000004a00f144                env_get
 .text.env_get_hex
                0x000000004a00f1b8       0x48 cmd/built-in.o
                0x000000004a00f1b8                env_get_hex
 .text.env_get_ulong
                0x000000004a00f200       0x40 cmd/built-in.o
                0x000000004a00f200                env_get_ulong
 .text.do_env_edit.part.2
                0x000000004a00f240       0xb8 cmd/built-in.o
 .text.do_env_edit
                0x000000004a00f2f8       0x24 cmd/built-in.o
 .text.board_init_f_alloc_reserve
                0x000000004a00f31c        0xc common/built-in.o
                0x000000004a00f31c                board_init_f_alloc_reserve
 .text.board_init_f_init_reserve
                0x000000004a00f328       0x30 common/built-in.o
                0x000000004a00f328                board_init_f_init_reserve
 .text.show_boot_progress
                0x000000004a00f358        0x8 common/built-in.o
                0x000000004a00f358                show_boot_progress
 .text.main_loop
                0x000000004a00f360       0x6c common/built-in.o
                0x000000004a00f360                main_loop
 .text.mdelay   0x000000004a00f3cc       0x30 common/built-in.o
 .text.dummy    0x000000004a00f3fc        0x4 common/built-in.o
 .text.get_version
                0x000000004a00f400        0x8 common/built-in.o
                0x000000004a00f400                get_version
 .text.jumptable_init
                0x000000004a00f408      0x1f0 common/built-in.o
                0x000000004a00f408                jumptable_init
 .text.hash_finish_crc32
                0x000000004a00f5f8       0x38 common/built-in.o
 .text.hash_update_crc32
                0x000000004a00f630       0x34 common/built-in.o
 .text.hash_init_crc32
                0x000000004a00f664       0x30 common/built-in.o
 .text.hash_finish_sha256
                0x000000004a00f694       0x48 common/built-in.o
 .text.hash_update_sha256
                0x000000004a00f6dc       0x24 common/built-in.o
 .text.hash_init_sha256
                0x000000004a00f700       0x34 common/built-in.o
 .text.hash_finish_sha1
                0x000000004a00f734       0x48 common/built-in.o
 .text.hash_update_sha1
                0x000000004a00f77c       0x24 common/built-in.o
 .text.hash_init_sha1
                0x000000004a00f7a0       0x34 common/built-in.o
 .text.hash_lookup_algo
                0x000000004a00f7d4       0x78 common/built-in.o
                0x000000004a00f7d4                hash_lookup_algo
 .text.hash_command
                0x000000004a00f84c      0x1dc common/built-in.o
                0x000000004a00f84c                hash_command
 .text.b_reset  0x000000004a00fa28       0x18 common/built-in.o
 .text.static_get
                0x000000004a00fa40       0x1c common/built-in.o
 .text.file_peek
                0x000000004a00fa5c        0xc common/built-in.o
 .text.mapset   0x000000004a00fa68       0x20 common/built-in.o
 .text.syntax_err
                0x000000004a00fa88        0xc common/built-in.o
 .text.free_pipe_list
                0x000000004a00fa94       0xf0 common/built-in.o
 .text.xmalloc  0x000000004a00fb84       0x28 common/built-in.o
 .text.new_pipe
                0x000000004a00fbac       0x24 common/built-in.o
 .text.xrealloc
                0x000000004a00fbd0       0x28 common/built-in.o
 .text.done_command
                0x000000004a00fbf8       0x94 common/built-in.o
 .text.done_pipe
                0x000000004a00fc8c       0x50 common/built-in.o
 .text.done_word
                0x000000004a00fcdc      0x298 common/built-in.o
 .text.do_showvar
                0x000000004a00ff74      0x108 common/built-in.o
 .text.is_assignment
                0x000000004a01007c       0x54 common/built-in.o
 .text.file_get
                0x000000004a0100d0      0x1f4 common/built-in.o
 .text.b_addchr
                0x000000004a0102c4       0x94 common/built-in.o
 .text.b_addqchr
                0x000000004a010358       0x58 common/built-in.o
 .text.static_peek
                0x000000004a0103b0        0xc common/built-in.o
 .text.get_local_var
                0x000000004a0103bc       0x98 common/built-in.o
                0x000000004a0103bc                get_local_var
 .text.set_local_var
                0x000000004a010454      0x1ac common/built-in.o
                0x000000004a010454                set_local_var
 .text.insert_var_value_sub
                0x000000004a010600      0x2c0 common/built-in.o
 .text.parse_string_outer
                0x000000004a0108c0       0xec common/built-in.o
                0x000000004a0108c0                parse_string_outer
 .text.run_list_real
                0x000000004a0109ac      0x720 common/built-in.o
 .text.parse_stream_outer
                0x000000004a0110cc      0x678 common/built-in.o
 .text.parse_file_outer
                0x000000004a011744       0x40 common/built-in.o
                0x000000004a011744                parse_file_outer
 .text.u_boot_hush_start
                0x000000004a011784       0x5c common/built-in.o
                0x000000004a011784                u_boot_hush_start
 .text.bootdelay_process
                0x000000004a0117e0       0xcc common/built-in.o
                0x000000004a0117e0                bootdelay_process
 .text.autoboot_command
                0x000000004a0118ac      0x110 common/built-in.o
                0x000000004a0118ac                autoboot_command
 .text.setup_mon_len
                0x000000004a0119bc       0x20 common/built-in.o
 .text.reserve_round_4k
                0x000000004a0119dc       0x14 common/built-in.o
 .text.reserve_uboot
                0x000000004a0119f0       0x2c common/built-in.o
 .text.reserve_malloc
                0x000000004a011a1c       0x1c common/built-in.o
 .text.reserve_global_data
                0x000000004a011a38       0x1c common/built-in.o
 .text.reserve_fdt
                0x000000004a011a54       0x48 common/built-in.o
 .text.initf_console_record
                0x000000004a011a9c        0x8 common/built-in.o
 .text.arch_cpu_init_dm
                0x000000004a011aa4        0x8 common/built-in.o
                0x000000004a011aa4                arch_cpu_init_dm
 .text.dram_init_banksize
                0x000000004a011aac       0x34 common/built-in.o
                0x000000004a011aac                dram_init_banksize
 .text.reserve_mmu
                0x000000004a011ae0       0x4c common/built-in.o
                0x000000004a011ae0                reserve_mmu
 .text.setup_reloc
                0x000000004a011b2c       0x48 common/built-in.o
 .text.reloc_fdt
                0x000000004a011b74       0x44 common/built-in.o
 .text.reserve_board
                0x000000004a011bb8       0x48 common/built-in.o
 .text.reserve_video
                0x000000004a011c00       0x2c common/built-in.o
 .text.announce_dram_init
                0x000000004a011c2c       0x20 common/built-in.o
 .text.init_baud_rate
                0x000000004a011c4c       0x3c common/built-in.o
 .text.initf_dm
                0x000000004a011c88        0x8 common/built-in.o
 .text.initf_bootstage
                0x000000004a011c90       0x1c common/built-in.o
 .text.reserve_arch
                0x000000004a011cac        0x8 common/built-in.o
                0x000000004a011cac                reserve_arch
 .text.display_text_info
                0x000000004a011cb4        0x8 common/built-in.o
 .text.arch_cpu_init
                0x000000004a011cbc        0x8 common/built-in.o
                0x000000004a011cbc                arch_cpu_init
 .text.mach_cpu_init
                0x000000004a011cc4        0x8 common/built-in.o
                0x000000004a011cc4                mach_cpu_init
 .text.reserve_trace
                0x000000004a011ccc        0x8 common/built-in.o
 .text.setup_machine
                0x000000004a011cd4        0x8 common/built-in.o
 .text.reserve_bootstage
                0x000000004a011cdc        0x8 common/built-in.o
 .text.display_new_sp
                0x000000004a011ce4        0x8 common/built-in.o
 .text.reloc_bootstage
                0x000000004a011cec        0x8 common/built-in.o
 .text.board_add_ram_info
                0x000000004a011cf4        0x4 common/built-in.o
                0x000000004a011cf4                board_add_ram_info
 .text.show_dram_config
                0x000000004a011cf8       0x38 common/built-in.o
 .text.board_get_usable_ram_top
                0x000000004a011d30       0x1c common/built-in.o
                0x000000004a011d30                board_get_usable_ram_top
 .text.setup_dest_addr
                0x000000004a011d4c       0x4c common/built-in.o
 .text.reserve_stacks
                0x000000004a011d98       0x1c common/built-in.o
 .text.board_init_f
                0x000000004a011db4       0x2c common/built-in.o
                0x000000004a011db4                board_init_f
 .text.bootstage_relocate
                0x000000004a011de0        0x8 common/built-in.o
 .text.initr_reloc
                0x000000004a011de8       0x18 common/built-in.o
 .text.power_init_board
                0x000000004a011e00        0x8 common/built-in.o
                0x000000004a011e00                power_init_board
 .text.initr_announce
                0x000000004a011e08        0x8 common/built-in.o
 .text.run_main_loop
                0x000000004a011e10       0x10 common/built-in.o
 .text.initr_net
                0x000000004a011e20       0x24 common/built-in.o
 .text.initr_ethaddr
                0x000000004a011e44       0x28 common/built-in.o
 .text.initr_enable_interrupts
                0x000000004a011e6c       0x18 common/built-in.o
 .text.initr_jumptable
                0x000000004a011e84       0x18 common/built-in.o
 .text.initr_env
                0x000000004a011e9c       0x70 common/built-in.o
 .text.initr_mmc
                0x000000004a011f0c       0x28 common/built-in.o
 .text.initr_serial
                0x000000004a011f34       0x18 common/built-in.o
 .text.initr_dm
                0x000000004a011f4c       0x14 common/built-in.o
 .text.initr_bootstage
                0x000000004a011f60       0x1c common/built-in.o
 .text.initr_malloc
                0x000000004a011f7c       0x2c common/built-in.o
 .text.initr_reloc_global_data
                0x000000004a011fa8       0x3c common/built-in.o
 .text.initr_caches
                0x000000004a011fe4       0x18 common/built-in.o
 .text.initr_console_record
                0x000000004a011ffc        0x8 common/built-in.o
 .text.initr_trace
                0x000000004a012004        0x8 common/built-in.o
 .text.initr_barrier
                0x000000004a01200c        0x8 common/built-in.o
 .text.cpu_secondary_init_r
                0x000000004a012014        0x4 common/built-in.o
                0x000000004a012014                cpu_secondary_init_r
 .text.initr_secondary_cpu
                0x000000004a012018       0x18 common/built-in.o
 .text.board_init_r
                0x000000004a012030       0x18 common/built-in.o
                0x000000004a012030                board_init_r
 .text.checkboard
                0x000000004a012048        0x8 common/built-in.o
                0x000000004a012048                checkboard
 .text.show_board_info
                0x000000004a012050       0x3c common/built-in.o
                0x000000004a012050                show_board_info
 .text.bootm_find_images
                0x000000004a01208c       0xcc common/built-in.o
                0x000000004a01208c                bootm_find_images
 .text.bootm_decomp_image
                0x000000004a012158      0x1a4 common/built-in.o
                0x000000004a012158                bootm_decomp_image
 .text.bootm_disable_interrupts
                0x000000004a0122fc       0x28 common/built-in.o
                0x000000004a0122fc                bootm_disable_interrupts
 .text.do_bootm_states
                0x000000004a012324      0x818 common/built-in.o
                0x000000004a012324                do_bootm_states
 .text.copy_args
                0x000000004a012b3c       0x74 common/built-in.o
 .text.do_bootm_rtems
                0x000000004a012bb0       0x58 common/built-in.o
 .text.do_bootm_plan9
                0x000000004a012c08       0xc8 common/built-in.o
 .text.do_bootm_standalone
                0x000000004a012cd0       0x74 common/built-in.o
 .text.do_bootm_qnxelf
                0x000000004a012d44       0x8c common/built-in.o
 .text.do_bootm_netbsd
                0x000000004a012dd0      0x140 common/built-in.o
 .text.do_bootvx_fdt
                0x000000004a012f10      0x11c common/built-in.o
                0x000000004a012f10                do_bootvx_fdt
 .text.do_bootm_vxworks
                0x000000004a01302c       0x40 common/built-in.o
 .text.arch_preboot_os
                0x000000004a01306c        0x4 common/built-in.o
                0x000000004a01306c                arch_preboot_os
 .text.boot_selected_os
                0x000000004a013070       0x74 common/built-in.o
                0x000000004a013070                boot_selected_os
 .text.bootm_os_get_boot_func
                0x000000004a0130e4       0x10 common/built-in.o
                0x000000004a0130e4                bootm_os_get_boot_func
 .text.of_bus_default_map
                0x000000004a0130f4       0xa0 common/built-in.o
 .text.fdt_support_default_count_cells
                0x000000004a013194       0x70 common/built-in.o
                0x000000004a013194                fdt_support_default_count_cells
 .text.of_bus_default_translate
                0x000000004a013204       0xb8 common/built-in.o
 .text.fdt_getprop_u32_default_node
                0x000000004a0132bc       0x4c common/built-in.o
                0x000000004a0132bc                fdt_getprop_u32_default_node
 .text.fdt_find_and_setprop
                0x000000004a013308       0x94 common/built-in.o
                0x000000004a013308                fdt_find_and_setprop
 .text.fdt_find_or_add_subnode
                0x000000004a01339c       0x74 common/built-in.o
                0x000000004a01339c                fdt_find_or_add_subnode
 .text.fdt_root
                0x000000004a013410       0x98 common/built-in.o
                0x000000004a013410                fdt_root
 .text.fdt_initrd
                0x000000004a0134a8      0x1b8 common/built-in.o
                0x000000004a0134a8                fdt_initrd
 .text.fdt_chosen
                0x000000004a013660       0xf4 common/built-in.o
                0x000000004a013660                fdt_chosen
 .text.do_fixup_by_path
                0x000000004a013754       0x4c common/built-in.o
                0x000000004a013754                do_fixup_by_path
 .text.fdt_fixup_memory_banks
                0x000000004a0137a0      0x1e0 common/built-in.o
                0x000000004a0137a0                fdt_fixup_memory_banks
 .text.fdt_fixup_memory
                0x000000004a013980       0x2c common/built-in.o
                0x000000004a013980                fdt_fixup_memory
 .text.fdt_fixup_ethernet
                0x000000004a0139ac      0x1a4 common/built-in.o
                0x000000004a0139ac                fdt_fixup_ethernet
 .text.fdt_shrink_to_minimum
                0x000000004a013b50       0xc8 common/built-in.o
                0x000000004a013b50                fdt_shrink_to_minimum
 .text.fdt_translate_address
                0x000000004a013c18      0x288 common/built-in.o
                0x000000004a013c18                fdt_translate_address
 .text.fdt_setup_simplefb_node
                0x000000004a013ea0      0x1fc common/built-in.o
                0x000000004a013ea0                fdt_setup_simplefb_node
 .text.miiphy_get_dev_by_name
                0x000000004a01409c       0x6c common/built-in.o
                0x000000004a01409c                miiphy_get_dev_by_name
 .text.miiphy_init
                0x000000004a014108       0x1c common/built-in.o
                0x000000004a014108                miiphy_init
 .text.mdio_alloc
                0x000000004a014124       0x3c common/built-in.o
                0x000000004a014124                mdio_alloc
 .text.mdio_register
                0x000000004a014160       0x90 common/built-in.o
                0x000000004a014160                mdio_register
 .text.mdio_list_devices
                0x000000004a0141f0       0xd4 common/built-in.o
                0x000000004a0141f0                mdio_list_devices
 .text.miiphy_set_current_dev
                0x000000004a0142c4       0x48 common/built-in.o
                0x000000004a0142c4                miiphy_set_current_dev
 .text.miiphy_get_active_dev
                0x000000004a01430c       0x60 common/built-in.o
 .text.mdio_get_current_dev
                0x000000004a01436c        0xc common/built-in.o
                0x000000004a01436c                mdio_get_current_dev
 .text.mdio_phydev_for_ethname
                0x000000004a014378       0xa0 common/built-in.o
                0x000000004a014378                mdio_phydev_for_ethname
 .text.miiphy_get_current_dev
                0x000000004a014418       0x18 common/built-in.o
                0x000000004a014418                miiphy_get_current_dev
 .text.miiphy_read
                0x000000004a014430       0x5c common/built-in.o
                0x000000004a014430                miiphy_read
 .text.miiphy_write
                0x000000004a01448c       0x5c common/built-in.o
                0x000000004a01448c                miiphy_write
 .text.miiphy_listdev
                0x000000004a0144e8       0x90 common/built-in.o
                0x000000004a0144e8                miiphy_listdev
 .text.miiphy_info
                0x000000004a014578       0xa0 common/built-in.o
                0x000000004a014578                miiphy_info
 .text.miiphy_is_1000base_x
                0x000000004a014618       0x40 common/built-in.o
                0x000000004a014618                miiphy_is_1000base_x
 .text.miiphy_speed
                0x000000004a014658      0x11c common/built-in.o
                0x000000004a014658                miiphy_speed
 .text.miiphy_duplex
                0x000000004a014774      0x140 common/built-in.o
                0x000000004a014774                miiphy_duplex
 .text.usb_set_maxpacket_ep
                0x000000004a0148b4       0x88 common/built-in.o
 .text.usb_control_msg
                0x000000004a01493c       0x9c common/built-in.o
                0x000000004a01493c                usb_control_msg
 .text.usb_get_descriptor
                0x000000004a0149d8       0x5c common/built-in.o
 .text.get_descriptor_len
                0x000000004a014a34       0xa4 common/built-in.o
 .text.usb_setup_descriptor
                0x000000004a014ad8       0xec common/built-in.o
 .text.usb_get_string
                0x000000004a014bc4       0xa4 common/built-in.o
 .text.usb_string_sub
                0x000000004a014c68      0x114 common/built-in.o
 .text.usb_bulk_msg
                0x000000004a014d7c       0x7c common/built-in.o
                0x000000004a014d7c                usb_bulk_msg
 .text.usb_maxpacket
                0x000000004a014df8       0x20 common/built-in.o
                0x000000004a014df8                usb_maxpacket
 .text.usb_clear_halt
                0x000000004a014e18       0xa0 common/built-in.o
                0x000000004a014e18                usb_clear_halt
 .text.usb_get_configuration_len
                0x000000004a014eb8       0x78 common/built-in.o
                0x000000004a014eb8                usb_get_configuration_len
 .text.usb_get_configuration_no
                0x000000004a014f30       0x40 common/built-in.o
                0x000000004a014f30                usb_get_configuration_no
 .text.usb_set_interface
                0x000000004a014f70       0xbc common/built-in.o
                0x000000004a014f70                usb_set_interface
 .text.usb_set_protocol
                0x000000004a01502c       0x4c common/built-in.o
                0x000000004a01502c                usb_set_protocol
 .text.usb_set_idle
                0x000000004a015078       0x4c common/built-in.o
                0x000000004a015078                usb_set_idle
 .text.usb_string
                0x000000004a0150c4      0x110 common/built-in.o
                0x000000004a0150c4                usb_string
 .text.usb_select_config
                0x000000004a0151d4      0x4bc common/built-in.o
                0x000000004a0151d4                usb_select_config
 .text.usb_setup_device
                0x000000004a015690      0x120 common/built-in.o
                0x000000004a015690                usb_setup_device
 .text.usb_device_has_child_on_port
                0x000000004a0157b0        0x8 common/built-in.o
                0x000000004a0157b0                usb_device_has_child_on_port
 .text.usb_find_usb2_hub_address_port
                0x000000004a0157b8       0x90 common/built-in.o
                0x000000004a0157b8                usb_find_usb2_hub_address_port
 .text.usb_set_port_feature
                0x000000004a015848       0x4c common/built-in.o
 .text.usb_clear_port_feature
                0x000000004a015894       0x4c common/built-in.o
 .text.usb_get_hub_descriptor
                0x000000004a0158e0       0x64 common/built-in.o
 .text.usb_hub_reset_devices
                0x000000004a015944        0x4 common/built-in.o
                0x000000004a015944                usb_hub_reset_devices
 .text.usb_hub_is_root_hub
                0x000000004a015948       0x20 common/built-in.o
                0x000000004a015948                usb_hub_is_root_hub
 .text.usb_get_port_status
                0x000000004a015968       0xcc common/built-in.o
                0x000000004a015968                usb_get_port_status
 .text.usb_hub_port_connect_change
                0x000000004a015a34      0x17c common/built-in.o
                0x000000004a015a34                usb_hub_port_connect_change
 .text.usb_hub_configure
                0x000000004a015bb0      0x59c common/built-in.o
 .text.usb_hub_scan
                0x000000004a01614c       0x14 common/built-in.o
                0x000000004a01614c                usb_hub_scan
 .text.usb_hub_post_probe
                0x000000004a016160        0x4 common/built-in.o
 .text.usb_stor_irq
                0x000000004a016164       0x18 common/built-in.o
 .text.usb_stor_BBB_reset
                0x000000004a01617c      0x10c common/built-in.o
 .text.usb_stor_CB_reset
                0x000000004a016288       0xe8 common/built-in.o
 .text.usb_stor_BBB_clear_endpt_stall.isra.0
                0x000000004a016370       0x4c common/built-in.o
 .text.usb_stor_BBB_transport
                0x000000004a0163bc      0x24c common/built-in.o
 .text.usb_stor_CB_comdat
                0x000000004a016608      0x1f4 common/built-in.o
 .text.usb_stor_CBI_get_status.isra.2
                0x000000004a0167fc       0xd4 common/built-in.o
 .text.usb_stor_CB_transport
                0x000000004a0168d0      0x204 common/built-in.o
 .text.usb_request_sense.constprop.11
                0x000000004a016ad4       0x8c common/built-in.o
 .text.usb_stor_read
                0x000000004a016b60      0x184 common/built-in.o
 .text.usb_stor_write
                0x000000004a016ce4      0x184 common/built-in.o
 .text.usb_stor_info
                0x000000004a016e68       0x8c common/built-in.o
                0x000000004a016e68                usb_stor_info
 .text.usb_stor_reset
                0x000000004a016ef4        0xc common/built-in.o
                0x000000004a016ef4                usb_stor_reset
 .text.usb_stor_scan
                0x000000004a016f00       0x4c common/built-in.o
                0x000000004a016f00                usb_stor_scan
 .text.usb_storage_probe
                0x000000004a016f4c      0x270 common/built-in.o
                0x000000004a016f4c                usb_storage_probe
 .text.usb_stor_get_info
                0x000000004a0171bc      0x2fc common/built-in.o
                0x000000004a0171bc                usb_stor_get_info
 .text.usb_mass_storage_probe
                0x000000004a0174b8      0x1d8 common/built-in.o
 .text.iomux_doenv
                0x000000004a017690      0x1c8 common/built-in.o
                0x000000004a017690                iomux_doenv
 .text.edid_check_info
                0x000000004a017858       0x60 common/built-in.o
                0x000000004a017858                edid_check_info
 .text.edid_get_timing
                0x000000004a0178b8      0x2b8 common/built-in.o
                0x000000004a0178b8                edid_get_timing
 .text.menu_display_statusline
                0x000000004a017b70        0x4 common/built-in.o
                0x000000004a017b70                menu_display_statusline
 .text.menu_default_set
                0x000000004a017b74       0x98 common/built-in.o
                0x000000004a017b74                menu_default_set
 .text.menu_get_choice
                0x000000004a017c0c      0x1f0 common/built-in.o
                0x000000004a017c0c                menu_get_choice
 .text.menu_item_add
                0x000000004a017dfc       0xe0 common/built-in.o
                0x000000004a017dfc                menu_item_add
 .text.menu_create
                0x000000004a017edc       0xa4 common/built-in.o
                0x000000004a017edc                menu_create
 .text.menu_destroy
                0x000000004a017f80       0x80 common/built-in.o
                0x000000004a017f80                menu_destroy
 .text.usb_kbd_remove
                0x000000004a018000       0xb4 common/built-in.o
 .text.usb_kbd_translate.part.0
                0x000000004a0180b4      0x15c common/built-in.o
 .text.usb_kbd_probe
                0x000000004a018210      0x1f4 common/built-in.o
 .text.usb_kbd_irq_worker
                0x000000004a018404      0x1bc common/built-in.o
 .text.usb_kbd_getc
                0x000000004a0185c0       0xd0 common/built-in.o
 .text.usb_kbd_testc
                0x000000004a018690       0xe4 common/built-in.o
 .text.usb_kbd_irq
                0x000000004a018774       0x20 common/built-in.o
 .text.delete_char.part.0
                0x000000004a018794       0xfc common/built-in.o
 .text.cread_add_char
                0x000000004a018890      0x100 common/built-in.o
 .text.cli_readline_into_buffer
                0x000000004a018990      0x954 common/built-in.o
                0x000000004a018990                cli_readline_into_buffer
 .text.cli_readline
                0x000000004a0192e4       0x14 common/built-in.o
                0x000000004a0192e4                cli_readline
 .text.cli_simple_process_macros
                0x000000004a0192f8      0x234 common/built-in.o
                0x000000004a0192f8                cli_simple_process_macros
 .text.console_tstc
                0x000000004a01952c       0x98 common/built-in.o
 .text.console_putc
                0x000000004a0195c4       0x70 common/built-in.o
 .text.console_puts
                0x000000004a019634       0x70 common/built-in.o
 .text.pre_console_putc
                0x000000004a0196a4       0x1c common/built-in.o
 .text.on_console
                0x000000004a0196c0       0xc8 common/built-in.o
 .text.serial_printf
                0x000000004a019788       0xcc common/built-in.o
                0x000000004a019788                serial_printf
 .text.console_getc.isra.0
                0x000000004a019854       0x30 common/built-in.o
 .text.putc     0x000000004a019884       0x44 common/built-in.o
                0x000000004a019884                putc
 .text.tstc     0x000000004a0198c8       0x24 common/built-in.o
                0x000000004a0198c8                tstc
 .text.getc     0x000000004a0198ec       0x4c common/built-in.o
                0x000000004a0198ec                getc
 .text.puts     0x000000004a019938       0x68 common/built-in.o
                0x000000004a019938                puts
 .text.print_pre_console_buffer
                0x000000004a0199a0      0x11c common/built-in.o
 .text.fputs    0x000000004a019abc       0x10 common/built-in.o
                0x000000004a019abc                fputs
 .text.fprintf  0x000000004a019acc       0xd0 common/built-in.o
                0x000000004a019acc                fprintf
 .text.ctrlc    0x000000004a019b9c       0x58 common/built-in.o
                0x000000004a019b9c                ctrlc
 .text.disable_ctrlc
                0x000000004a019bf4       0x14 common/built-in.o
                0x000000004a019bf4                disable_ctrlc
 .text.had_ctrlc
                0x000000004a019c08        0xc common/built-in.o
                0x000000004a019c08                had_ctrlc
 .text.clear_ctrlc
                0x000000004a019c14        0xc common/built-in.o
                0x000000004a019c14                clear_ctrlc
 .text.search_device
                0x000000004a019c20       0x34 common/built-in.o
                0x000000004a019c20                search_device
 .text.console_assign
                0x000000004a019c54       0xe4 common/built-in.o
                0x000000004a019c54                console_assign
 .text.console_init_f
                0x000000004a019d38       0x24 common/built-in.o
                0x000000004a019d38                console_init_f
 .text.stdio_print_current_devices
                0x000000004a019d5c       0xc0 common/built-in.o
                0x000000004a019d5c                stdio_print_current_devices
 .text.console_init_r
                0x000000004a019e1c      0x1c4 common/built-in.o
                0x000000004a019e1c                console_init_r
 .text.sbrk     0x000000004a019fe0       0x70 common/built-in.o
                0x000000004a019fe0                sbrk
 .text.mem_malloc_init
                0x000000004a01a050       0x20 common/built-in.o
                0x000000004a01a050                mem_malloc_init
 .text.malloc_trim
                0x000000004a01a070       0xd8 common/built-in.o
                0x000000004a01a070                malloc_trim
 .text.free     0x000000004a01a148      0x22c common/built-in.o
                0x000000004a01a148                free
 .text.malloc   0x000000004a01a374      0x63c common/built-in.o
                0x000000004a01a374                malloc
 .text.calloc   0x000000004a01a9b0       0xd8 common/built-in.o
                0x000000004a01a9b0                calloc
 .text.realloc  0x000000004a01aa88      0x478 common/built-in.o
                0x000000004a01aa88                realloc
 .text.memalign
                0x000000004a01af00      0x194 common/built-in.o
                0x000000004a01af00                memalign
 .text.initf_malloc
                0x000000004a01b094       0x18 common/built-in.o
                0x000000004a01b094                initf_malloc
 .text.malloc_simple
                0x000000004a01b0ac       0x38 common/built-in.o
                0x000000004a01b0ac                malloc_simple
 .text.on_loadaddr
                0x000000004a01b0e4       0x40 common/built-in.o
 .text.image_check_hcrc
                0x000000004a01b124       0x50 common/built-in.o
                0x000000004a01b124                image_check_hcrc
 .text.image_check_dcrc
                0x000000004a01b174       0x44 common/built-in.o
                0x000000004a01b174                image_check_dcrc
 .text.image_multi_count
                0x000000004a01b1b8       0x1c common/built-in.o
                0x000000004a01b1b8                image_multi_count
 .text.image_multi_getimg
                0x000000004a01b1d4       0x88 common/built-in.o
                0x000000004a01b1d4                image_multi_getimg
 .text.env_get_bootm_low
                0x000000004a01b25c       0x34 common/built-in.o
                0x000000004a01b25c                env_get_bootm_low
 .text.env_get_bootm_size
                0x000000004a01b290       0x78 common/built-in.o
                0x000000004a01b290                env_get_bootm_size
 .text.env_get_bootm_mapsize
                0x000000004a01b308       0x30 common/built-in.o
                0x000000004a01b308                env_get_bootm_mapsize
 .text.memmove_wd
                0x000000004a01b338       0x10 common/built-in.o
                0x000000004a01b338                memmove_wd
 .text.genimg_print_size
                0x000000004a01b348       0x38 common/built-in.o
                0x000000004a01b348                genimg_print_size
 .text.get_table_entry
                0x000000004a01b380       0x20 common/built-in.o
                0x000000004a01b380                get_table_entry
 .text.get_table_entry_name
                0x000000004a01b3a0       0x28 common/built-in.o
                0x000000004a01b3a0                get_table_entry_name
 .text.genimg_get_os_name
                0x000000004a01b3c8       0x18 common/built-in.o
                0x000000004a01b3c8                genimg_get_os_name
 .text.genimg_get_arch_name
                0x000000004a01b3e0       0x18 common/built-in.o
                0x000000004a01b3e0                genimg_get_arch_name
 .text.genimg_get_type_name
                0x000000004a01b3f8       0x18 common/built-in.o
                0x000000004a01b3f8                genimg_get_type_name
 .text.genimg_get_comp_name
                0x000000004a01b410       0x18 common/built-in.o
                0x000000004a01b410                genimg_get_comp_name
 .text.image_print_contents
                0x000000004a01b428      0x1b8 common/built-in.o
                0x000000004a01b428                image_print_contents
 .text.get_table_entry_id
                0x000000004a01b5e0       0x50 common/built-in.o
                0x000000004a01b5e0                get_table_entry_id
 .text.genimg_get_os_id
                0x000000004a01b630       0x18 common/built-in.o
                0x000000004a01b630                genimg_get_os_id
 .text.genimg_get_arch_id
                0x000000004a01b648       0x18 common/built-in.o
                0x000000004a01b648                genimg_get_arch_id
 .text.genimg_get_type_id
                0x000000004a01b660       0x18 common/built-in.o
                0x000000004a01b660                genimg_get_type_id
 .text.genimg_get_comp_id
                0x000000004a01b678       0x18 common/built-in.o
                0x000000004a01b678                genimg_get_comp_id
 .text.genimg_get_kernel_addr_fit
                0x000000004a01b690       0x7c common/built-in.o
                0x000000004a01b690                genimg_get_kernel_addr_fit
 .text.genimg_get_kernel_addr
                0x000000004a01b70c       0x24 common/built-in.o
                0x000000004a01b70c                genimg_get_kernel_addr
 .text.genimg_get_format
                0x000000004a01b730       0x3c common/built-in.o
                0x000000004a01b730                genimg_get_format
 .text.genimg_has_config
                0x000000004a01b76c       0x10 common/built-in.o
                0x000000004a01b76c                genimg_has_config
 .text.boot_get_ramdisk
                0x000000004a01b77c      0x358 common/built-in.o
                0x000000004a01b77c                boot_get_ramdisk
 .text.boot_ramdisk_high
                0x000000004a01bad4      0x138 common/built-in.o
                0x000000004a01bad4                boot_ramdisk_high
 .text.boot_get_setup
                0x000000004a01bc0c        0x4 common/built-in.o
                0x000000004a01bc0c                boot_get_setup
 .text.boot_get_loadable
                0x000000004a01bc10      0x190 common/built-in.o
                0x000000004a01bc10                boot_get_loadable
 .text.image_setup_linux
                0x000000004a01bda0       0x6c common/built-in.o
                0x000000004a01bda0                image_setup_linux
 .text.fdt_error
                0x000000004a01be0c       0x38 common/built-in.o
 .text.boot_fdt_add_mem_rsv_regions
                0x000000004a01be44       0x94 common/built-in.o
                0x000000004a01be44                boot_fdt_add_mem_rsv_regions
 .text.boot_relocate_fdt
                0x000000004a01bed8      0x1b0 common/built-in.o
                0x000000004a01bed8                boot_relocate_fdt
 .text.boot_get_fdt
                0x000000004a01c088      0x38c common/built-in.o
                0x000000004a01c088                boot_get_fdt
 .text.ft_verify_fdt
                0x000000004a01c414        0x8 common/built-in.o
                0x000000004a01c414                ft_verify_fdt
 .text.image_setup_libfdt
                0x000000004a01c41c      0x144 common/built-in.o
                0x000000004a01c41c                image_setup_libfdt
 .text.fit_image_get_address
                0x000000004a01c560       0x84 common/built-in.o
 .text.fit_parse_conf
                0x000000004a01c5e4       0x78 common/built-in.o
                0x000000004a01c5e4                fit_parse_conf
 .text.fit_parse_subimage
                0x000000004a01c65c       0x78 common/built-in.o
                0x000000004a01c65c                fit_parse_subimage
 .text.fit_get_desc
                0x000000004a01c6d4       0x38 common/built-in.o
                0x000000004a01c6d4                fit_get_desc
 .text.fit_image_get_node
                0x000000004a01c70c       0x48 common/built-in.o
                0x000000004a01c70c                fit_image_get_node
 .text.fit_image_get_os
                0x000000004a01c754       0x4c common/built-in.o
                0x000000004a01c754                fit_image_get_os
 .text.fit_image_get_arch
                0x000000004a01c7a0       0x4c common/built-in.o
                0x000000004a01c7a0                fit_image_get_arch
 .text.fit_image_get_type
                0x000000004a01c7ec       0x4c common/built-in.o
                0x000000004a01c7ec                fit_image_get_type
 .text.fit_image_get_comp
                0x000000004a01c838       0x4c common/built-in.o
                0x000000004a01c838                fit_image_get_comp
 .text.fit_image_get_load
                0x000000004a01c884       0x10 common/built-in.o
                0x000000004a01c884                fit_image_get_load
 .text.fit_image_get_entry
                0x000000004a01c894       0x10 common/built-in.o
                0x000000004a01c894                fit_image_get_entry
 .text.fit_image_get_data
                0x000000004a01c8a4       0x50 common/built-in.o
                0x000000004a01c8a4                fit_image_get_data
 .text.fit_image_hash_get_algo
                0x000000004a01c8f4       0x38 common/built-in.o
                0x000000004a01c8f4                fit_image_hash_get_algo
 .text.fit_image_hash_get_value
                0x000000004a01c92c       0x50 common/built-in.o
                0x000000004a01c92c                fit_image_hash_get_value
 .text.fit_image_print_data
                0x000000004a01c97c      0x158 common/built-in.o
 .text.fit_image_print
                0x000000004a01cad4      0x390 common/built-in.o
                0x000000004a01cad4                fit_image_print
 .text.fit_get_end
                0x000000004a01ce64       0x10 common/built-in.o
                0x000000004a01ce64                fit_get_end
 .text.calculate_hash
                0x000000004a01ce74      0x11c common/built-in.o
                0x000000004a01ce74                calculate_hash
 .text.fit_image_verify
                0x000000004a01cf90      0x214 common/built-in.o
                0x000000004a01cf90                fit_image_verify
 .text.fit_all_image_verify
                0x000000004a01d1a4      0x114 common/built-in.o
                0x000000004a01d1a4                fit_all_image_verify
 .text.fit_image_check_os
                0x000000004a01d2b8       0x3c common/built-in.o
                0x000000004a01d2b8                fit_image_check_os
 .text.fit_image_check_arch
                0x000000004a01d2f4       0x5c common/built-in.o
                0x000000004a01d2f4                fit_image_check_arch
 .text.fit_image_check_type
                0x000000004a01d350       0x3c common/built-in.o
                0x000000004a01d350                fit_image_check_type
 .text.fit_image_check_comp
                0x000000004a01d38c       0x3c common/built-in.o
                0x000000004a01d38c                fit_image_check_comp
 .text.fit_check_format
                0x000000004a01d3c8       0x54 common/built-in.o
                0x000000004a01d3c8                fit_check_format
 .text.fit_conf_get_node
                0x000000004a01d41c       0xe0 common/built-in.o
                0x000000004a01d41c                fit_conf_get_node
 .text.fit_conf_get_prop_node_index
                0x000000004a01d4fc       0x3c common/built-in.o
                0x000000004a01d4fc                fit_conf_get_prop_node_index
 .text.fit_conf_get_prop_node
                0x000000004a01d538        0x8 common/built-in.o
                0x000000004a01d538                fit_conf_get_prop_node
 .text.fit_conf_print
                0x000000004a01d540      0x1fc common/built-in.o
                0x000000004a01d540                fit_conf_print
 .text.fit_print_contents
                0x000000004a01d73c      0x220 common/built-in.o
                0x000000004a01d73c                fit_print_contents
 .text.fit_get_node_from_config
                0x000000004a01d95c       0x54 common/built-in.o
                0x000000004a01d95c                fit_get_node_from_config
 .text.fit_image_load
                0x000000004a01d9b0      0x578 common/built-in.o
                0x000000004a01d9b0                fit_image_load
 .text.boot_get_setup_fit
                0x000000004a01df28       0x78 common/built-in.o
                0x000000004a01df28                boot_get_setup_fit
 .text.boot_get_fdt_fit
                0x000000004a01dfa0      0x178 common/built-in.o
                0x000000004a01dfa0                boot_get_fdt_fit
 .text.get_ram_size
                0x000000004a01e118      0x11c common/built-in.o
                0x000000004a01e118                get_ram_size
 .text.get_effective_memsize
                0x000000004a01e234        0x8 common/built-in.o
                0x000000004a01e234                get_effective_memsize
 .text.nulldev_putc
                0x000000004a01e23c        0x4 common/built-in.o
 .text.nulldev_puts
                0x000000004a01e240        0x4 common/built-in.o
 .text.nulldev_input
                0x000000004a01e244        0x8 common/built-in.o
 .text.stdio_serial_tstc
                0x000000004a01e24c        0x4 common/built-in.o
 .text.stdio_serial_getc
                0x000000004a01e250        0x4 common/built-in.o
 .text.stdio_serial_puts
                0x000000004a01e254        0x8 common/built-in.o
 .text.stdio_serial_putc
                0x000000004a01e25c        0x8 common/built-in.o
 .text.stdio_get_list
                0x000000004a01e264       0x10 common/built-in.o
                0x000000004a01e264                stdio_get_list
 .text.stdio_get_by_name
                0x000000004a01e274       0xfc common/built-in.o
                0x000000004a01e274                stdio_get_by_name
 .text.stdio_clone
                0x000000004a01e370       0x48 common/built-in.o
                0x000000004a01e370                stdio_clone
 .text.stdio_register_dev
                0x000000004a01e3b8       0x58 common/built-in.o
                0x000000004a01e3b8                stdio_register_dev
 .text.stdio_register
                0x000000004a01e410        0x8 common/built-in.o
                0x000000004a01e410                stdio_register
 .text.stdio_deregister_dev
                0x000000004a01e418      0x104 common/built-in.o
                0x000000004a01e418                stdio_deregister_dev
 .text.stdio_init_tables
                0x000000004a01e51c       0x18 common/built-in.o
                0x000000004a01e51c                stdio_init_tables
 .text.stdio_add_devices
                0x000000004a01e534      0x13c common/built-in.o
                0x000000004a01e534                stdio_add_devices
 .text.run_command
                0x000000004a01e670       0x14 common/built-in.o
                0x000000004a01e670                run_command
 .text.run_command_list
                0x000000004a01e684       0x8c common/built-in.o
                0x000000004a01e684                run_command_list
 .text.do_run   0x000000004a01e710       0x80 common/built-in.o
                0x000000004a01e710                do_run
 .text.cli_process_fdt
                0x000000004a01e790       0x50 common/built-in.o
                0x000000004a01e790                cli_process_fdt
 .text.cli_secure_boot_cmd
                0x000000004a01e7e0       0x74 common/built-in.o
                0x000000004a01e7e0                cli_secure_boot_cmd
 .text.cli_loop
                0x000000004a01e854       0x10 common/built-in.o
                0x000000004a01e854                cli_loop
 .text.cli_init
                0x000000004a01e864        0x4 common/built-in.o
                0x000000004a01e864                cli_init
 .text.find_cmd_tbl
                0x000000004a01e868       0xbc common/built-in.o
                0x000000004a01e868                find_cmd_tbl
 .text.find_cmd
                0x000000004a01e924       0x28 common/built-in.o
                0x000000004a01e924                find_cmd
 .text.cmd_usage
                0x000000004a01e94c       0x68 common/built-in.o
                0x000000004a01e94c                cmd_usage
 .text._do_help
                0x000000004a01e9b4      0x18c common/built-in.o
                0x000000004a01e9b4                _do_help
 .text.var_complete
                0x000000004a01eb40       0x84 common/built-in.o
                0x000000004a01eb40                var_complete
 .text.cmd_auto_complete
                0x000000004a01ebc4      0x498 common/built-in.o
                0x000000004a01ebc4                cmd_auto_complete
 .text.cmd_get_data_size
                0x000000004a01f05c       0x68 common/built-in.o
                0x000000004a01f05c                cmd_get_data_size
 .text.cmd_process
                0x000000004a01f0c4      0x110 common/built-in.o
                0x000000004a01f0c4                cmd_process
 .text.cmd_process_error
                0x000000004a01f1d4       0x38 common/built-in.o
                0x000000004a01f1d4                cmd_process_error
 .text.hex1_bin
                0x000000004a01f20c       0x44 common/built-in.o
 .text.hex2_bin
                0x000000004a01f250       0x40 common/built-in.o
 .text.srec_decode
                0x000000004a01f290      0x22c common/built-in.o
                0x000000004a01f290                srec_decode
 .text.CYGACC_COMM_IF_GETC_TIMEOUT.isra.0
                0x000000004a01f4bc       0x54 common/built-in.o
 .text.xyzModem_flush
                0x000000004a01f510       0x1c common/built-in.o
 .text.xyzModem_get_hdr
                0x000000004a01f52c      0x210 common/built-in.o
 .text.xyzModem_stream_open
                0x000000004a01f73c      0x27c common/built-in.o
                0x000000004a01f73c                xyzModem_stream_open
 .text.xyzModem_stream_read
                0x000000004a01f9b8      0x26c common/built-in.o
                0x000000004a01f9b8                xyzModem_stream_read
 .text.xyzModem_stream_close
                0x000000004a01fc24       0x3c common/built-in.o
                0x000000004a01fc24                xyzModem_stream_close
 .text.xyzModem_stream_terminate
                0x000000004a01fc60       0xa4 common/built-in.o
                0x000000004a01fc60                xyzModem_stream_terminate
 .text.xyzModem_error
                0x000000004a01fd04       0x28 common/built-in.o
                0x000000004a01fd04                xyzModem_error
 .text.blk_get_dev
                0x000000004a01fd2c       0x3c disk/built-in.o
                0x000000004a01fd2c                blk_get_dev
 .text.dev_print
                0x000000004a01fd68      0x1dc disk/built-in.o
                0x000000004a01fd68                dev_print
 .text.part_init
                0x000000004a01ff44       0x80 disk/built-in.o
                0x000000004a01ff44                part_init
 .text.part_print
                0x000000004a01ffc4      0x16c disk/built-in.o
                0x000000004a01ffc4                part_print
 .text.part_get_info
                0x000000004a020130       0x8c disk/built-in.o
                0x000000004a020130                part_get_info
 .text.part_get_info_whole_disk
                0x000000004a0201bc       0x54 disk/built-in.o
                0x000000004a0201bc                part_get_info_whole_disk
 .text.blk_get_device_by_str
                0x000000004a020210      0x164 disk/built-in.o
                0x000000004a020210                blk_get_device_by_str
 .text.blk_get_device_part_str
                0x000000004a020374      0x384 disk/built-in.o
                0x000000004a020374                blk_get_device_part_str
 .text.part_set_generic_name
                0x000000004a0206f8       0x48 disk/built-in.o
                0x000000004a0206f8                part_set_generic_name
 .text.test_block_type
                0x000000004a020740       0x8c disk/built-in.o
 .text.print_partition_extended
                0x000000004a0207cc      0x258 disk/built-in.o
 .text.part_print_dos
                0x000000004a020a24       0x3c disk/built-in.o
                0x000000004a020a24                part_print_dos
 .text.part_test_dos
                0x000000004a020a60       0x88 disk/built-in.o
 .text.part_get_info_extended
                0x000000004a020ae8      0x2cc disk/built-in.o
 .text.part_get_info_dos
                0x000000004a020db4       0x1c disk/built-in.o
                0x000000004a020db4                part_get_info_dos
 .text.iso_dread
                0x000000004a020dd0       0x4c disk/built-in.o
                0x000000004a020dd0                iso_dread
 .text.part_get_info_iso_verb
                0x000000004a020e1c      0x37c disk/built-in.o
                0x000000004a020e1c                part_get_info_iso_verb
 .text.part_test_iso
                0x000000004a021198       0x20 disk/built-in.o
 .text.part_print_iso
                0x000000004a0211b8       0xa4 disk/built-in.o
 .text.part_get_info_iso
                0x000000004a02125c        0x8 disk/built-in.o
 .text.print_efiname
                0x000000004a021264       0x60 disk/built-in.o
 .text.part_test_efi
                0x000000004a0212c4       0xb8 disk/built-in.o
 .text.set_protective_mbr
                0x000000004a02137c       0xf0 disk/built-in.o
 .text.validate_gpt_entries
                0x000000004a02146c       0xa8 disk/built-in.o
 .text.validate_gpt_header
                0x000000004a021514      0x230 disk/built-in.o
 .text.is_gpt_valid
                0x000000004a021744      0x288 disk/built-in.o
 .text.is_pte_valid
                0x000000004a0219cc       0x64 disk/built-in.o
 .text.part_print_efi
                0x000000004a021a30      0x278 disk/built-in.o
                0x000000004a021a30                part_print_efi
 .text.part_get_info_efi
                0x000000004a021ca8      0x238 disk/built-in.o
                0x000000004a021ca8                part_get_info_efi
 .text.get_disk_guid
                0x000000004a021ee0       0xec disk/built-in.o
                0x000000004a021ee0                get_disk_guid
 .text.write_gpt_table
                0x000000004a021fcc      0x424 disk/built-in.o
                0x000000004a021fcc                write_gpt_table
 .text.gpt_fill_pte
                0x000000004a0223f0      0x3b4 disk/built-in.o
                0x000000004a0223f0                gpt_fill_pte
 .text.gpt_fill_header
                0x000000004a0227a4      0x24c disk/built-in.o
                0x000000004a0227a4                gpt_fill_header
 .text.gpt_restore
                0x000000004a0229f0      0x150 disk/built-in.o
                0x000000004a0229f0                gpt_restore
 .text.gpt_verify_headers
                0x000000004a022b40       0x98 disk/built-in.o
                0x000000004a022b40                gpt_verify_headers
 .text.gpt_verify_partitions
                0x000000004a022bd8      0x1f4 disk/built-in.o
                0x000000004a022bd8                gpt_verify_partitions
 .text.device_bind_common.isra.0
                0x000000004a022dcc      0x30c drivers/built-in.o
 .text.alloc_priv
                0x000000004a0230d8       0x64 drivers/built-in.o
 .text.device_bind_with_driver_data
                0x000000004a02313c       0x14 drivers/built-in.o
                0x000000004a02313c                device_bind_with_driver_data
 .text.device_bind
                0x000000004a023150       0x20 drivers/built-in.o
                0x000000004a023150                device_bind
 .text.device_bind_by_name
                0x000000004a023170       0x70 drivers/built-in.o
                0x000000004a023170                device_bind_by_name
 .text.device_probe
                0x000000004a0231e0      0x1f4 drivers/built-in.o
                0x000000004a0231e0                device_probe
 .text.dev_get_platdata
                0x000000004a0233d4       0x34 drivers/built-in.o
                0x000000004a0233d4                dev_get_platdata
 .text.dev_get_parent_platdata
                0x000000004a023408       0x34 drivers/built-in.o
                0x000000004a023408                dev_get_parent_platdata
 .text.dev_get_uclass_platdata
                0x000000004a02343c       0x34 drivers/built-in.o
                0x000000004a02343c                dev_get_uclass_platdata
 .text.dev_get_priv
                0x000000004a023470       0x34 drivers/built-in.o
                0x000000004a023470                dev_get_priv
 .text.dev_get_uclass_priv
                0x000000004a0234a4       0x34 drivers/built-in.o
                0x000000004a0234a4                dev_get_uclass_priv
 .text.dev_get_parent_priv
                0x000000004a0234d8       0x34 drivers/built-in.o
                0x000000004a0234d8                dev_get_parent_priv
 .text.device_get_child
                0x000000004a02350c       0x5c drivers/built-in.o
                0x000000004a02350c                device_get_child
 .text.device_find_first_child
                0x000000004a023568       0x28 drivers/built-in.o
                0x000000004a023568                device_find_first_child
 .text.device_find_next_child
                0x000000004a023590       0x30 drivers/built-in.o
                0x000000004a023590                device_find_next_child
 .text.dev_get_driver_data
                0x000000004a0235c0        0x8 drivers/built-in.o
                0x000000004a0235c0                dev_get_driver_data
 .text.device_get_uclass_id
                0x000000004a0235c8       0x10 drivers/built-in.o
                0x000000004a0235c8                device_get_uclass_id
 .text.device_has_active_children
                0x000000004a0235d8       0x3c drivers/built-in.o
                0x000000004a0235d8                device_has_active_children
 .text.device_is_last_sibling
                0x000000004a023614       0x24 drivers/built-in.o
                0x000000004a023614                device_is_last_sibling
 .text.devfdt_get_addr_index
                0x000000004a023638       0xc4 drivers/built-in.o
                0x000000004a023638                devfdt_get_addr_index
 .text.devfdt_get_addr_name
                0x000000004a0236fc       0x50 drivers/built-in.o
                0x000000004a0236fc                devfdt_get_addr_name
 .text.devfdt_get_addr
                0x000000004a02374c        0x8 drivers/built-in.o
                0x000000004a02374c                devfdt_get_addr
 .text.lists_driver_lookup_name
                0x000000004a023754       0x7c drivers/built-in.o
                0x000000004a023754                lists_driver_lookup_name
 .text.lists_uclass_lookup
                0x000000004a0237d0       0x48 drivers/built-in.o
                0x000000004a0237d0                lists_uclass_lookup
 .text.lists_bind_drivers
                0x000000004a023818       0xb0 drivers/built-in.o
                0x000000004a023818                lists_bind_drivers
 .text.device_bind_driver_to_node
                0x000000004a0238c8       0x68 drivers/built-in.o
                0x000000004a0238c8                device_bind_driver_to_node
 .text.device_bind_driver
                0x000000004a023930       0x1c drivers/built-in.o
                0x000000004a023930                device_bind_driver
 .text.lists_bind_fdt
                0x000000004a02394c      0x188 drivers/built-in.o
                0x000000004a02394c                lists_bind_fdt
 .text.dm_scan_fdt_node
                0x000000004a023ad4       0xc0 drivers/built-in.o
 .text.dm_root  0x000000004a023b94       0x30 drivers/built-in.o
                0x000000004a023b94                dm_root
 .text.dm_get_translation_offset
                0x000000004a023bc4       0x1c drivers/built-in.o
                0x000000004a023bc4                dm_get_translation_offset
 .text.dm_init  0x000000004a023be0       0x60 drivers/built-in.o
                0x000000004a023be0                dm_init
 .text.dm_remove_devices_flags
                0x000000004a023c40       0x2c drivers/built-in.o
                0x000000004a023c40                dm_remove_devices_flags
 .text.dm_scan_platdata
                0x000000004a023c6c       0x34 drivers/built-in.o
                0x000000004a023c6c                dm_scan_platdata
 .text.dm_scan_fdt_dev
                0x000000004a023ca0       0x28 drivers/built-in.o
                0x000000004a023ca0                dm_scan_fdt_dev
 .text.dm_scan_fdt
                0x000000004a023cc8       0x18 drivers/built-in.o
                0x000000004a023cc8                dm_scan_fdt
 .text.dm_extended_scan_fdt
                0x000000004a023ce0       0x60 drivers/built-in.o
                0x000000004a023ce0                dm_extended_scan_fdt
 .text.dm_scan_other
                0x000000004a023d40        0x8 drivers/built-in.o
                0x000000004a023d40                dm_scan_other
 .text.dm_init_and_scan
                0x000000004a023d48       0x54 drivers/built-in.o
                0x000000004a023d48                dm_init_and_scan
 .text.uclass_find
                0x000000004a023d9c       0x48 drivers/built-in.o
                0x000000004a023d9c                uclass_find
 .text.uclass_get
                0x000000004a023de4      0x120 drivers/built-in.o
                0x000000004a023de4                uclass_get
 .text.uclass_find_device
                0x000000004a023f04       0x78 drivers/built-in.o
                0x000000004a023f04                uclass_find_device
 .text.uclass_find_first_device
                0x000000004a023f7c       0x48 drivers/built-in.o
                0x000000004a023f7c                uclass_find_first_device
 .text.uclass_find_next_device
                0x000000004a023fc4       0x2c drivers/built-in.o
                0x000000004a023fc4                uclass_find_next_device
 .text.uclass_find_device_by_name
                0x000000004a023ff0       0x98 drivers/built-in.o
                0x000000004a023ff0                uclass_find_device_by_name
 .text.uclass_find_device_by_seq
                0x000000004a024088       0x90 drivers/built-in.o
                0x000000004a024088                uclass_find_device_by_seq
 .text.uclass_find_device_by_of_offset
                0x000000004a024118       0x78 drivers/built-in.o
                0x000000004a024118                uclass_find_device_by_of_offset
 .text.uclass_find_device_by_ofnode
                0x000000004a024190       0x7c drivers/built-in.o
                0x000000004a024190                uclass_find_device_by_ofnode
 .text.uclass_get_device_tail
                0x000000004a02420c       0x40 drivers/built-in.o
                0x000000004a02420c                uclass_get_device_tail
 .text.uclass_get_device
                0x000000004a02424c       0x38 drivers/built-in.o
                0x000000004a02424c                uclass_get_device
 .text.uclass_get_device_by_seq
                0x000000004a024284       0x68 drivers/built-in.o
                0x000000004a024284                uclass_get_device_by_seq
 .text.uclass_get_device_by_of_offset
                0x000000004a0242ec       0x38 drivers/built-in.o
                0x000000004a0242ec                uclass_get_device_by_of_offset
 .text.uclass_get_device_by_ofnode
                0x000000004a024324       0x38 drivers/built-in.o
                0x000000004a024324                uclass_get_device_by_ofnode
 .text.uclass_get_device_by_phandle
                0x000000004a02435c       0xc4 drivers/built-in.o
                0x000000004a02435c                uclass_get_device_by_phandle
 .text.uclass_first_device
                0x000000004a024420       0x44 drivers/built-in.o
                0x000000004a024420                uclass_first_device
 .text.uclass_first_device_err
                0x000000004a024464       0x34 drivers/built-in.o
                0x000000004a024464                uclass_first_device_err
 .text.uclass_next_device
                0x000000004a024498       0x44 drivers/built-in.o
                0x000000004a024498                uclass_next_device
 .text.uclass_bind_device
                0x000000004a0244dc       0x7c drivers/built-in.o
                0x000000004a0244dc                uclass_bind_device
 .text.uclass_unbind_device
                0x000000004a024558       0x4c drivers/built-in.o
                0x000000004a024558                uclass_unbind_device
 .text.uclass_resolve_seq
                0x000000004a0245a4       0xb8 drivers/built-in.o
                0x000000004a0245a4                uclass_resolve_seq
 .text.uclass_pre_probe_device
                0x000000004a02465c       0x64 drivers/built-in.o
                0x000000004a02465c                uclass_pre_probe_device
 .text.uclass_post_probe_device
                0x000000004a0246c0       0x1c drivers/built-in.o
                0x000000004a0246c0                uclass_post_probe_device
 .text.uclass_pre_remove_device
                0x000000004a0246dc       0x1c drivers/built-in.o
                0x000000004a0246dc                uclass_pre_remove_device
 .text.dm_warn  0x000000004a0246f8       0x78 drivers/built-in.o
                0x000000004a0246f8                dm_warn
 .text.dm_fdt_pre_reloc
                0x000000004a024770       0x78 drivers/built-in.o
                0x000000004a024770                dm_fdt_pre_reloc
 .text.device_unbind
                0x000000004a0247e8      0x11c drivers/built-in.o
                0x000000004a0247e8                device_unbind
 .text.device_free
                0x000000004a024904       0x80 drivers/built-in.o
                0x000000004a024904                device_free
 .text.device_remove
                0x000000004a024984      0x16c drivers/built-in.o
                0x000000004a024984                device_remove
 .text.simple_bus_post_bind
                0x000000004a024af0       0x60 drivers/built-in.o
 .text.show_devices
                0x000000004a024b50      0x124 drivers/built-in.o
 .text.dm_dump_all
                0x000000004a024c74       0x54 drivers/built-in.o
                0x000000004a024c74                dm_dump_all
 .text.dm_dump_uclass
                0x000000004a024cc8      0x114 drivers/built-in.o
                0x000000004a024cc8                dm_dump_uclass
 .text.ofnode_read_u32